==== Slurm info ====
Job name:   ea_4_11
Job ID:     26385115
Node list:  node044
Num nodes:  1
Submit dir: /home/s39jleng_hpc/Nx4/ground
===============
Using a 4 by 11 lattice:
1/31
After sweep 1 energy=-114.99864552089012  maxlinkdim=55 maxerr=5.35E-08 time=19.219
After sweep 2 energy=-115.02100782396175  maxlinkdim=55 maxerr=7.51E-07 time=7.831
After sweep 3 energy=-115.02066208741812  maxlinkdim=55 maxerr=7.89E-07 time=8.203
After sweep 4 energy=-115.02775227903902  maxlinkdim=110 maxerr=1.27E-08 time=15.648
After sweep 5 energy=-115.02775016325607  maxlinkdim=110 maxerr=1.30E-08 time=17.951
After sweep 6 energy=-115.02775006716074  maxlinkdim=110 maxerr=1.30E-08 time=17.880
After sweep 7 energy=-115.02778215694381  maxlinkdim=147 maxerr=9.94E-10 time=18.624
After sweep 8 energy=-115.02778214521979  maxlinkdim=147 maxerr=9.99E-10 time=19.234
After sweep 9 energy=-115.02778197900324  maxlinkdim=147 maxerr=9.97E-10 time=19.632
After sweep 10 energy=-115.02777635086332  maxlinkdim=147 maxerr=9.98E-10 time=18.656
After sweep 11 energy=-115.02778151829145  maxlinkdim=147 maxerr=1.00E-09 time=19.652
After sweep 12 energy=-115.02777590960748  maxlinkdim=147 maxerr=1.00E-09 time=18.736
After sweep 13 energy=-115.02778136419967  maxlinkdim=147 maxerr=9.96E-10 time=18.807
After sweep 14 energy=-115.02777576777885  maxlinkdim=147 maxerr=1.00E-09 time=18.419
After sweep 15 energy=-115.0277759760355  maxlinkdim=147 maxerr=9.98E-10 time=18.694
After sweep 16 energy=-115.02786786175108  maxlinkdim=53 maxerr=9.65E-10 time=6.148
After sweep 17 energy=-115.02786732684952  maxlinkdim=53 maxerr=9.78E-10 time=3.446
After sweep 18 energy=-115.02786702590569  maxlinkdim=53 maxerr=9.99E-10 time=3.561
After sweep 19 energy=-115.02786701406922  maxlinkdim=53 maxerr=7.89E-10 time=3.605
After sweep 20 energy=-115.02786701594141  maxlinkdim=53 maxerr=6.63E-10 time=3.516
After sweep 21 energy=-115.02786700489378  maxlinkdim=53 maxerr=5.88E-10 time=3.628
After sweep 22 energy=-115.02786699395256  maxlinkdim=53 maxerr=4.94E-10 time=3.366
After sweep 23 energy=-115.02786698535739  maxlinkdim=53 maxerr=4.96E-10 time=3.526
After sweep 24 energy=-115.02786697083957  maxlinkdim=53 maxerr=5.00E-10 time=3.351
After sweep 25 energy=-115.02786694639312  maxlinkdim=53 maxerr=8.49E-10 time=3.560
After sweep 26 energy=-115.02786694354927  maxlinkdim=53 maxerr=8.28E-10 time=3.425
After sweep 27 energy=-115.02786692671816  maxlinkdim=53 maxerr=8.12E-10 time=3.452
After sweep 28 energy=-115.02786690800758  maxlinkdim=53 maxerr=7.12E-10 time=3.524
After sweep 29 energy=-115.02786666832344  maxlinkdim=53 maxerr=1.00E-09 time=3.482
After sweep 30 energy=-115.02786663725533  maxlinkdim=53 maxerr=5.94E-10 time=3.571
After sweep 31 energy=-115.02786662748053  maxlinkdim=53 maxerr=6.76E-10 time=3.423
After sweep 32 energy=-115.02786664861424  maxlinkdim=53 maxerr=5.43E-10 time=3.412
After sweep 33 energy=-115.0278666515992  maxlinkdim=53 maxerr=5.80E-10 time=3.611
After sweep 34 energy=-115.02786643000172  maxlinkdim=53 maxerr=9.99E-10 time=3.443
After sweep 35 energy=-115.02786642861611  maxlinkdim=53 maxerr=6.45E-10 time=3.575
After sweep 36 energy=-115.02786642952873  maxlinkdim=53 maxerr=6.65E-10 time=3.527
After sweep 37 energy=-115.02786645557944  maxlinkdim=53 maxerr=6.29E-10 time=3.596
After sweep 38 energy=-115.02786646129243  maxlinkdim=53 maxerr=5.20E-10 time=3.427
After sweep 39 energy=-115.02786643846912  maxlinkdim=53 maxerr=5.26E-10 time=3.582
After sweep 40 energy=-115.0278664257662  maxlinkdim=53 maxerr=5.29E-10 time=3.631
After sweep 41 energy=-115.02786642654746  maxlinkdim=53 maxerr=5.30E-10 time=3.584
Energy difference less than 5.0e-5, stopping DMRG
2/31
After sweep 1 energy=-123.94533108622481  maxlinkdim=55 maxerr=9.30E-07 time=7.284
After sweep 2 energy=-123.94535176646468  maxlinkdim=55 maxerr=9.35E-07 time=7.950
After sweep 3 energy=-123.94523893244379  maxlinkdim=55 maxerr=9.29E-07 time=8.223
After sweep 4 energy=-123.95325075711281  maxlinkdim=110 maxerr=1.65E-08 time=18.035
After sweep 5 energy=-123.95339556571203  maxlinkdim=54 maxerr=9.99E-10 time=6.064
After sweep 6 energy=-123.95339319666859  maxlinkdim=53 maxerr=9.68E-10 time=3.706
After sweep 7 energy=-123.95339278888507  maxlinkdim=53 maxerr=9.25E-10 time=3.518
After sweep 8 energy=-123.95339262096604  maxlinkdim=53 maxerr=1.00E-09 time=3.701
Energy difference less than 5.0e-5, stopping DMRG
3/31
After sweep 1 energy=-133.6934924421894  maxlinkdim=55 maxerr=1.09E-06 time=7.703
After sweep 2 energy=-133.6934660935927  maxlinkdim=55 maxerr=1.11E-06 time=8.202
After sweep 3 energy=-133.69340709595244  maxlinkdim=55 maxerr=1.11E-06 time=8.395
After sweep 4 energy=-133.7029401129953  maxlinkdim=110 maxerr=2.12E-08 time=18.378
After sweep 5 energy=-133.70312740982774  maxlinkdim=58 maxerr=9.84E-10 time=6.223
After sweep 6 energy=-133.70312411333052  maxlinkdim=56 maxerr=9.92E-10 time=3.879
After sweep 7 energy=-133.7031226974009  maxlinkdim=55 maxerr=9.97E-10 time=3.597
After sweep 8 energy=-133.70312242327782  maxlinkdim=55 maxerr=9.39E-10 time=3.658
Energy difference less than 5.0e-5, stopping DMRG
4/31
After sweep 1 energy=-144.34921944770753  maxlinkdim=55 maxerr=1.30E-06 time=7.323
After sweep 2 energy=-144.34920469611652  maxlinkdim=55 maxerr=1.32E-06 time=8.056
After sweep 3 energy=-144.34918013531546  maxlinkdim=55 maxerr=1.31E-06 time=8.029
After sweep 4 energy=-144.3608521499178  maxlinkdim=110 maxerr=2.77E-08 time=19.639
After sweep 5 energy=-144.36107529815945  maxlinkdim=61 maxerr=9.97E-10 time=7.116
After sweep 6 energy=-144.36107420220787  maxlinkdim=59 maxerr=9.81E-10 time=4.714
After sweep 7 energy=-144.36107337442354  maxlinkdim=58 maxerr=9.66E-10 time=4.396
After sweep 8 energy=-144.3610728653727  maxlinkdim=58 maxerr=9.81E-10 time=4.350
Energy difference less than 5.0e-5, stopping DMRG
5/31
After sweep 1 energy=-156.00831060957725  maxlinkdim=58 maxerr=1.18E-06 time=8.232
After sweep 2 energy=-156.00839348019332  maxlinkdim=58 maxerr=1.18E-06 time=8.768
After sweep 3 energy=-156.00836347275003  maxlinkdim=58 maxerr=1.19E-06 time=8.549
After sweep 4 energy=-156.02067048818077  maxlinkdim=116 maxerr=2.53E-08 time=22.695
After sweep 5 energy=-156.02092094283896  maxlinkdim=63 maxerr=9.98E-10 time=7.258
After sweep 6 energy=-156.02091989143113  maxlinkdim=61 maxerr=9.90E-10 time=4.873
After sweep 7 energy=-156.02091883609273  maxlinkdim=61 maxerr=9.75E-10 time=4.569
After sweep 8 energy=-156.02091837263114  maxlinkdim=60 maxerr=9.73E-10 time=4.530
Energy difference less than 5.0e-5, stopping DMRG
6/31
After sweep 1 energy=-168.77412816384162  maxlinkdim=60 maxerr=1.19E-06 time=9.050
After sweep 2 energy=-168.7738388783579  maxlinkdim=60 maxerr=1.21E-06 time=10.022
After sweep 3 energy=-168.77421984828754  maxlinkdim=60 maxerr=1.21E-06 time=9.860
After sweep 4 energy=-168.78729971184524  maxlinkdim=120 maxerr=2.70E-08 time=22.543
After sweep 5 energy=-168.78757606594343  maxlinkdim=64 maxerr=9.97E-10 time=7.592
After sweep 6 energy=-168.78757330340008  maxlinkdim=64 maxerr=9.96E-10 time=4.871
After sweep 7 energy=-168.78757147031342  maxlinkdim=63 maxerr=9.93E-10 time=4.851
After sweep 8 energy=-168.78757088739786  maxlinkdim=63 maxerr=9.68E-10 time=4.946
Energy difference less than 5.0e-5, stopping DMRG
7/31
After sweep 1 energy=-182.76482268645304  maxlinkdim=63 maxerr=1.10E-06 time=10.020
After sweep 2 energy=-182.76445321121324  maxlinkdim=63 maxerr=1.14E-06 time=10.878
After sweep 3 energy=-182.7644356162401  maxlinkdim=63 maxerr=1.14E-06 time=10.964
After sweep 4 energy=-182.77875395882893  maxlinkdim=126 maxerr=2.59E-08 time=26.836
After sweep 5 energy=-182.77905147295294  maxlinkdim=68 maxerr=9.98E-10 time=8.738
After sweep 6 energy=-182.77904786747172  maxlinkdim=66 maxerr=9.98E-10 time=5.458
After sweep 7 energy=-182.77904598025475  maxlinkdim=67 maxerr=9.93E-10 time=5.357
After sweep 8 energy=-182.77904512990747  maxlinkdim=65 maxerr=9.53E-10 time=5.136
Energy difference less than 5.0e-5, stopping DMRG
8/31
After sweep 1 energy=-198.11292703844336  maxlinkdim=65 maxerr=1.10E-06 time=10.713
After sweep 2 energy=-198.11291578470392  maxlinkdim=65 maxerr=1.16E-06 time=11.693
After sweep 3 energy=-198.11291654688006  maxlinkdim=65 maxerr=1.15E-06 time=11.938
After sweep 4 energy=-198.1285446299357  maxlinkdim=130 maxerr=2.64E-08 time=27.533
After sweep 5 energy=-198.1288622254123  maxlinkdim=71 maxerr=1.00E-09 time=9.382
After sweep 6 energy=-198.12885806453207  maxlinkdim=69 maxerr=1.00E-09 time=6.660
After sweep 7 energy=-198.12885602904635  maxlinkdim=68 maxerr=9.94E-10 time=6.255
After sweep 8 energy=-198.12885457842117  maxlinkdim=68 maxerr=9.98E-10 time=5.996
Energy difference less than 5.0e-5, stopping DMRG
9/31
After sweep 1 energy=-214.97387303426993  maxlinkdim=68 maxerr=1.13E-06 time=11.467
After sweep 2 energy=-214.97304884120607  maxlinkdim=68 maxerr=1.11E-06 time=12.971
After sweep 3 energy=-214.9734751953652  maxlinkdim=68 maxerr=1.11E-06 time=13.088
After sweep 4 energy=-214.98870045343452  maxlinkdim=136 maxerr=2.37E-08 time=31.561
After sweep 5 energy=-214.9890231202747  maxlinkdim=77 maxerr=9.91E-10 time=10.728
After sweep 6 energy=-214.98901968784742  maxlinkdim=74 maxerr=9.98E-10 time=7.518
After sweep 7 energy=-214.98901643292746  maxlinkdim=71 maxerr=9.95E-10 time=7.159
After sweep 8 energy=-214.98901533756884  maxlinkdim=72 maxerr=9.98E-10 time=6.770
Energy difference less than 5.0e-5, stopping DMRG
10/31
After sweep 1 energy=-233.5191011785296  maxlinkdim=72 maxerr=1.04E-06 time=13.196
After sweep 2 energy=-233.51777631335983  maxlinkdim=72 maxerr=1.02E-06 time=14.306
After sweep 3 energy=-233.51821345189862  maxlinkdim=72 maxerr=1.02E-06 time=14.626
After sweep 4 energy=-233.5335964174126  maxlinkdim=144 maxerr=1.91E-08 time=34.912
After sweep 5 energy=-233.5338988059083  maxlinkdim=83 maxerr=9.93E-10 time=12.317
After sweep 6 energy=-233.5338962966447  maxlinkdim=80 maxerr=1.00E-09 time=8.595
After sweep 7 energy=-233.53389344928524  maxlinkdim=79 maxerr=9.97E-10 time=8.142
After sweep 8 energy=-233.53389159743324  maxlinkdim=78 maxerr=9.99E-10 time=8.051
Energy difference less than 5.0e-5, stopping DMRG
11/31
After sweep 1 energy=-253.9523530649901  maxlinkdim=78 maxerr=9.35E-07 time=15.005
After sweep 2 energy=-253.95158098679096  maxlinkdim=78 maxerr=9.58E-07 time=17.080
After sweep 3 energy=-253.9517978903393  maxlinkdim=78 maxerr=9.57E-07 time=15.888
After sweep 4 energy=-253.96486798555512  maxlinkdim=156 maxerr=1.48E-08 time=40.176
After sweep 5 energy=-253.96514989603054  maxlinkdim=87 maxerr=1.00E-09 time=14.474
After sweep 6 energy=-253.96514683384066  maxlinkdim=85 maxerr=9.98E-10 time=9.515
After sweep 7 energy=-253.96514451215918  maxlinkdim=84 maxerr=9.97E-10 time=9.933
After sweep 8 energy=-253.96514298308693  maxlinkdim=83 maxerr=9.89E-10 time=9.564
Energy difference less than 5.0e-5, stopping DMRG
12/31
After sweep 1 energy=-276.50678374124135  maxlinkdim=83 maxerr=8.72E-07 time=17.397
After sweep 2 energy=-276.5063192705782  maxlinkdim=83 maxerr=8.96E-07 time=18.405
After sweep 3 energy=-276.50636168564847  maxlinkdim=83 maxerr=8.96E-07 time=18.015
After sweep 4 energy=-276.5178791577062  maxlinkdim=166 maxerr=1.39E-08 time=42.161
After sweep 5 energy=-276.51814369067404  maxlinkdim=93 maxerr=9.94E-10 time=15.011
After sweep 6 energy=-276.51814100921797  maxlinkdim=90 maxerr=9.96E-10 time=11.130
After sweep 7 energy=-276.51813873529807  maxlinkdim=89 maxerr=9.90E-10 time=10.887
After sweep 8 energy=-276.5181367841167  maxlinkdim=88 maxerr=1.00E-09 time=10.664
Energy difference less than 5.0e-5, stopping DMRG
13/31
After sweep 1 energy=-301.46073286394375  maxlinkdim=88 maxerr=7.80E-07 time=19.575
After sweep 2 energy=-301.4595461946589  maxlinkdim=88 maxerr=8.04E-07 time=20.639
After sweep 3 energy=-301.45960822488985  maxlinkdim=88 maxerr=8.04E-07 time=19.823
After sweep 4 energy=-301.4701327908104  maxlinkdim=176 maxerr=1.31E-08 time=49.375
After sweep 5 energy=-301.470373402075  maxlinkdim=98 maxerr=9.95E-10 time=17.089
After sweep 6 energy=-301.470370522506  maxlinkdim=95 maxerr=9.98E-10 time=12.221
After sweep 7 energy=-301.4703685436197  maxlinkdim=93 maxerr=9.99E-10 time=11.940
After sweep 8 energy=-301.4703667611293  maxlinkdim=92 maxerr=9.93E-10 time=11.706
Energy difference less than 5.0e-5, stopping DMRG
14/31
After sweep 1 energy=-329.1442317006426  maxlinkdim=92 maxerr=7.58E-07 time=23.362
After sweep 2 energy=-329.1419077469144  maxlinkdim=92 maxerr=7.83E-07 time=25.490
After sweep 3 energy=-329.14192266535895  maxlinkdim=92 maxerr=7.81E-07 time=25.379
After sweep 4 energy=-329.15231688072316  maxlinkdim=184 maxerr=1.34E-08 time=53.539
After sweep 5 energy=-329.15257632689236  maxlinkdim=105 maxerr=9.96E-10 time=19.145
After sweep 6 energy=-329.15257341157894  maxlinkdim=101 maxerr=9.94E-10 time=13.545
After sweep 7 energy=-329.15257086121187  maxlinkdim=99 maxerr=1.00E-09 time=13.766
After sweep 8 energy=-329.15256919402293  maxlinkdim=99 maxerr=1.00E-09 time=12.991
Energy difference less than 5.0e-5, stopping DMRG
15/31
After sweep 1 energy=-359.95779319768417  maxlinkdim=99 maxerr=5.87E-07 time=25.783
After sweep 2 energy=-359.955856467828  maxlinkdim=99 maxerr=6.21E-07 time=29.048
After sweep 3 energy=-359.9556800237399  maxlinkdim=99 maxerr=6.20E-07 time=27.591
After sweep 4 energy=-359.9634036484499  maxlinkdim=198 maxerr=1.11E-08 time=64.250
After sweep 5 energy=-359.9636451435203  maxlinkdim=111 maxerr=9.98E-10 time=22.215
After sweep 6 energy=-359.9636427334615  maxlinkdim=109 maxerr=9.93E-10 time=15.415
After sweep 7 energy=-359.96364162306423  maxlinkdim=108 maxerr=9.95E-10 time=14.995
After sweep 8 energy=-359.96363927742823  maxlinkdim=105 maxerr=9.98E-10 time=14.799
Energy difference less than 5.0e-5, stopping DMRG
16/31
After sweep 1 energy=-394.38595291921536  maxlinkdim=105 maxerr=6.11E-07 time=27.747
After sweep 2 energy=-394.38486318267337  maxlinkdim=105 maxerr=5.22E-07 time=31.070
After sweep 3 energy=-394.3848717623141  maxlinkdim=105 maxerr=5.22E-07 time=29.655
After sweep 4 energy=-394.39062279413236  maxlinkdim=210 maxerr=1.01E-08 time=70.399
After sweep 5 energy=-394.3908659665572  maxlinkdim=119 maxerr=9.98E-10 time=24.829
After sweep 6 energy=-394.3908639012076  maxlinkdim=116 maxerr=9.99E-10 time=17.533
After sweep 7 energy=-394.3908616362074  maxlinkdim=116 maxerr=9.96E-10 time=18.111
After sweep 8 energy=-394.3908597688267  maxlinkdim=114 maxerr=1.00E-09 time=17.482
Energy difference less than 5.0e-5, stopping DMRG
17/31
After sweep 1 energy=-433.03318548107205  maxlinkdim=114 maxerr=4.83E-07 time=33.095
After sweep 2 energy=-433.03239742152675  maxlinkdim=114 maxerr=4.33E-07 time=35.576
After sweep 3 energy=-433.032383029628  maxlinkdim=114 maxerr=4.33E-07 time=34.200
After sweep 4 energy=-433.0375621090299  maxlinkdim=228 maxerr=7.88E-09 time=79.952
After sweep 5 energy=-433.0378103753179  maxlinkdim=130 maxerr=9.98E-10 time=26.939
After sweep 6 energy=-433.03780813503437  maxlinkdim=127 maxerr=1.00E-09 time=19.771
After sweep 7 energy=-433.037807061816  maxlinkdim=124 maxerr=9.92E-10 time=19.337
After sweep 8 energy=-433.03780646616224  maxlinkdim=121 maxerr=9.95E-10 time=20.058
Energy difference less than 5.0e-5, stopping DMRG
18/31
After sweep 1 energy=-476.65945439102927  maxlinkdim=121 maxerr=5.00E-07 time=36.178
After sweep 2 energy=-476.6587118381073  maxlinkdim=121 maxerr=4.47E-07 time=38.782
After sweep 3 energy=-476.65872582683386  maxlinkdim=121 maxerr=4.47E-07 time=39.142
After sweep 4 energy=-476.66321006037714  maxlinkdim=242 maxerr=6.89E-09 time=90.645
After sweep 5 energy=-476.66347019781733  maxlinkdim=138 maxerr=1.00E-09 time=30.314
After sweep 6 energy=-476.6634690146105  maxlinkdim=134 maxerr=9.94E-10 time=22.160
After sweep 7 energy=-476.66346758392547  maxlinkdim=131 maxerr=9.98E-10 time=22.398
After sweep 8 energy=-476.6634661060865  maxlinkdim=130 maxerr=9.92E-10 time=21.830
Energy difference less than 5.0e-5, stopping DMRG
19/31
After sweep 1 energy=-526.2350773459327  maxlinkdim=130 maxerr=5.77E-07 time=44.106
After sweep 2 energy=-526.2345190165861  maxlinkdim=130 maxerr=4.41E-07 time=45.754
After sweep 3 energy=-526.2345185323697  maxlinkdim=130 maxerr=4.41E-07 time=46.129
After sweep 4 energy=-526.238007276232  maxlinkdim=260 maxerr=6.23E-09 time=98.884
After sweep 5 energy=-526.2382374706116  maxlinkdim=146 maxerr=9.98E-10 time=32.925
After sweep 6 energy=-526.2382361104831  maxlinkdim=144 maxerr=9.93E-10 time=24.557
After sweep 7 energy=-526.2382352414961  maxlinkdim=143 maxerr=9.97E-10 time=24.079
After sweep 8 energy=-526.2382346582741  maxlinkdim=142 maxerr=9.98E-10 time=24.863
Energy difference less than 5.0e-5, stopping DMRG
20/31
After sweep 1 energy=-583.0230100360993  maxlinkdim=142 maxerr=4.17E-07 time=48.812
After sweep 2 energy=-583.0229674016626  maxlinkdim=142 maxerr=4.06E-07 time=52.805
After sweep 3 energy=-583.0229646910146  maxlinkdim=142 maxerr=4.06E-07 time=52.155
After sweep 4 energy=-583.0256053644432  maxlinkdim=284 maxerr=5.79E-09 time=112.302
After sweep 5 energy=-583.025828081349  maxlinkdim=155 maxerr=9.99E-10 time=36.460
After sweep 6 energy=-583.0258268119517  maxlinkdim=153 maxerr=1.00E-09 time=27.334
After sweep 7 energy=-583.0258262997686  maxlinkdim=151 maxerr=1.00E-09 time=28.608
After sweep 8 energy=-583.02582597472  maxlinkdim=151 maxerr=9.99E-10 time=25.659
Energy difference less than 5.0e-5, stopping DMRG
21/31
After sweep 1 energy=-648.7036561861961  maxlinkdim=151 maxerr=4.16E-07 time=53.778
After sweep 2 energy=-648.7035853672259  maxlinkdim=151 maxerr=4.14E-07 time=58.409
After sweep 3 energy=-648.7035860375221  maxlinkdim=151 maxerr=4.14E-07 time=56.909
After sweep 4 energy=-648.706059629776  maxlinkdim=302 maxerr=6.60E-09 time=126.062
After sweep 5 energy=-648.7062915772016  maxlinkdim=163 maxerr=1.00E-09 time=38.766
After sweep 6 energy=-648.7062903047724  maxlinkdim=159 maxerr=9.98E-10 time=29.038
After sweep 7 energy=-648.7062898078959  maxlinkdim=159 maxerr=9.99E-10 time=30.282
After sweep 8 energy=-648.7062895433068  maxlinkdim=159 maxerr=1.00E-09 time=28.851
Energy difference less than 5.0e-5, stopping DMRG
22/31
After sweep 1 energy=-725.5637063655405  maxlinkdim=159 maxerr=4.56E-07 time=55.736
After sweep 2 energy=-725.5636712497977  maxlinkdim=159 maxerr=4.55E-07 time=63.110
After sweep 3 energy=-725.5636664111267  maxlinkdim=159 maxerr=4.55E-07 time=63.462
After sweep 4 energy=-725.5660561420227  maxlinkdim=318 maxerr=7.97E-09 time=139.194
After sweep 5 energy=-725.5662985726868  maxlinkdim=172 maxerr=9.98E-10 time=42.989
After sweep 6 energy=-725.5662972860497  maxlinkdim=168 maxerr=9.97E-10 time=32.978
After sweep 7 energy=-725.5662969344412  maxlinkdim=167 maxerr=9.98E-10 time=33.095
After sweep 8 energy=-725.5662968398381  maxlinkdim=166 maxerr=9.98E-10 time=33.140
Energy difference less than 5.0e-5, stopping DMRG
23/31
After sweep 1 energy=-816.8012173205099  maxlinkdim=166 maxerr=5.30E-07 time=66.757
After sweep 2 energy=-816.8011911087376  maxlinkdim=166 maxerr=5.31E-07 time=72.641
After sweep 3 energy=-816.8011919413182  maxlinkdim=166 maxerr=5.31E-07 time=70.533
After sweep 4 energy=-816.803572809609  maxlinkdim=332 maxerr=9.87E-09 time=151.842
After sweep 5 energy=-816.8038343654626  maxlinkdim=179 maxerr=9.99E-10 time=47.011
After sweep 6 energy=-816.8038333300913  maxlinkdim=176 maxerr=9.99E-10 time=35.830
After sweep 7 energy=-816.8038329122278  maxlinkdim=175 maxerr=9.99E-10 time=35.591
After sweep 8 energy=-816.803832770887  maxlinkdim=175 maxerr=1.00E-09 time=34.867
Energy difference less than 5.0e-5, stopping DMRG
24/31
After sweep 1 energy=-927.0338740391321  maxlinkdim=175 maxerr=5.78E-07 time=71.994
After sweep 2 energy=-927.0338634406437  maxlinkdim=175 maxerr=5.71E-07 time=76.118
After sweep 3 energy=-927.033865036454  maxlinkdim=175 maxerr=5.71E-07 time=76.197
After sweep 4 energy=-927.0360769798508  maxlinkdim=350 maxerr=1.16E-08 time=167.631
After sweep 5 energy=-927.0363582599737  maxlinkdim=187 maxerr=9.97E-10 time=49.665
After sweep 6 energy=-927.0363565002151  maxlinkdim=183 maxerr=9.98E-10 time=37.334
After sweep 7 energy=-927.0363562011163  maxlinkdim=183 maxerr=9.99E-10 time=35.607
After sweep 8 energy=-927.0363560782635  maxlinkdim=183 maxerr=9.99E-10 time=36.996
Energy difference less than 5.0e-5, stopping DMRG
25/31
After sweep 1 energy=-1063.1880713104451  maxlinkdim=183 maxerr=6.47E-07 time=76.625
After sweep 2 energy=-1063.1880599618648  maxlinkdim=183 maxerr=6.33E-07 time=86.551
After sweep 3 energy=-1063.1880644856187  maxlinkdim=183 maxerr=6.33E-07 time=87.290
After sweep 4 energy=-1063.1902133049796  maxlinkdim=366 maxerr=1.44E-08 time=188.326
After sweep 5 energy=-1063.1905240425804  maxlinkdim=197 maxerr=9.99E-10 time=52.601
After sweep 6 energy=-1063.1905222852972  maxlinkdim=193 maxerr=1.00E-09 time=40.305
After sweep 7 energy=-1063.1905217469127  maxlinkdim=192 maxerr=9.99E-10 time=39.593
After sweep 8 energy=-1063.1905214581247  maxlinkdim=191 maxerr=9.97E-10 time=40.302
Energy difference less than 5.0e-5, stopping DMRG
26/31
After sweep 1 energy=-1236.1524456066832  maxlinkdim=191 maxerr=8.37E-07 time=82.767
After sweep 2 energy=-1236.1524536314876  maxlinkdim=191 maxerr=7.77E-07 time=90.435
After sweep 3 energy=-1236.1524535117524  maxlinkdim=191 maxerr=7.77E-07 time=90.318
After sweep 4 energy=-1236.154762975137  maxlinkdim=382 maxerr=1.83E-08 time=200.692
After sweep 5 energy=-1236.155093373724  maxlinkdim=206 maxerr=9.99E-10 time=57.154
After sweep 6 energy=-1236.1550909574917  maxlinkdim=201 maxerr=9.99E-10 time=44.946
After sweep 7 energy=-1236.1550902083054  maxlinkdim=199 maxerr=9.97E-10 time=45.032
After sweep 8 energy=-1236.1550900663453  maxlinkdim=199 maxerr=9.97E-10 time=46.196
Energy difference less than 5.0e-5, stopping DMRG
27/31
After sweep 1 energy=-1464.08466161242  maxlinkdim=199 maxerr=1.00E-06 time=90.807
After sweep 2 energy=-1464.0846728761526  maxlinkdim=199 maxerr=9.99E-07 time=99.697
After sweep 3 energy=-1464.0846727748533  maxlinkdim=199 maxerr=9.99E-07 time=100.154
After sweep 4 energy=-1464.0871030244211  maxlinkdim=398 maxerr=2.34E-08 time=214.046
After sweep 5 energy=-1464.087471685373  maxlinkdim=215 maxerr=9.99E-10 time=61.352
After sweep 6 energy=-1464.087468556216  maxlinkdim=208 maxerr=9.97E-10 time=46.472
After sweep 7 energy=-1464.0874675894509  maxlinkdim=207 maxerr=9.99E-10 time=45.805
After sweep 8 energy=-1464.0874673006037  maxlinkdim=206 maxerr=9.99E-10 time=48.683
Energy difference less than 5.0e-5, stopping DMRG
28/31
After sweep 1 energy=-1779.6858205607393  maxlinkdim=206 maxerr=1.37E-06 time=94.142
After sweep 2 energy=-1779.6858186085203  maxlinkdim=206 maxerr=1.36E-06 time=103.363
After sweep 3 energy=-1779.685818600561  maxlinkdim=206 maxerr=1.36E-06 time=103.112
After sweep 4 energy=-1779.688448384065  maxlinkdim=412 maxerr=3.20E-08 time=226.532
After sweep 5 energy=-1779.6888825904844  maxlinkdim=223 maxerr=9.99E-10 time=65.845
After sweep 6 energy=-1779.6888791114343  maxlinkdim=216 maxerr=9.99E-10 time=46.790
After sweep 7 energy=-1779.6888779363417  maxlinkdim=213 maxerr=9.99E-10 time=50.728
After sweep 8 energy=-1779.6888773946207  maxlinkdim=212 maxerr=9.99E-10 time=48.396
Energy difference less than 5.0e-5, stopping DMRG
29/31
After sweep 1 energy=-2248.389430622726  maxlinkdim=212 maxerr=1.88E-06 time=100.435
After sweep 2 energy=-2248.389424427742  maxlinkdim=212 maxerr=1.87E-06 time=108.761
After sweep 3 energy=-2248.3894244383146  maxlinkdim=212 maxerr=1.87E-06 time=106.910
After sweep 4 energy=-2248.3926005433773  maxlinkdim=424 maxerr=4.31E-08 time=237.794
After sweep 5 energy=-2248.393102558255  maxlinkdim=230 maxerr=1.00E-09 time=66.517
After sweep 6 energy=-2248.3930985557295  maxlinkdim=222 maxerr=9.99E-10 time=51.187
After sweep 7 energy=-2248.393097111821  maxlinkdim=220 maxerr=9.99E-10 time=52.961
After sweep 8 energy=-2248.3930966949015  maxlinkdim=220 maxerr=9.94E-10 time=52.528
Energy difference less than 5.0e-5, stopping DMRG
30/31
After sweep 1 energy=-3022.928792165185  maxlinkdim=220 maxerr=1.60E-06 time=105.557
After sweep 2 energy=-3022.928793291426  maxlinkdim=220 maxerr=1.60E-06 time=113.773
After sweep 3 energy=-3022.928793292931  maxlinkdim=220 maxerr=1.60E-06 time=112.958
After sweep 4 energy=-3022.9325315734127  maxlinkdim=440 maxerr=3.38E-08 time=244.777
After sweep 5 energy=-3022.933189182312  maxlinkdim=235 maxerr=9.99E-10 time=68.941
After sweep 6 energy=-3022.933184161947  maxlinkdim=228 maxerr=9.99E-10 time=53.574
After sweep 7 energy=-3022.9331820266816  maxlinkdim=225 maxerr=1.00E-09 time=52.177
After sweep 8 energy=-3022.933181677845  maxlinkdim=224 maxerr=9.95E-10 time=52.322
Energy difference less than 5.0e-5, stopping DMRG
31/31
After sweep 1 energy=-4561.601595813277  maxlinkdim=224 maxerr=1.38E-06 time=107.017
After sweep 2 energy=-4561.601599875717  maxlinkdim=224 maxerr=1.38E-06 time=113.549
After sweep 3 energy=-4561.601599879708  maxlinkdim=224 maxerr=1.38E-06 time=117.085
After sweep 4 energy=-4561.6070754781285  maxlinkdim=448 maxerr=2.81E-08 time=253.612
After sweep 5 energy=-4561.608057763969  maxlinkdim=238 maxerr=1.00E-09 time=72.636
After sweep 6 energy=-4561.608050847662  maxlinkdim=232 maxerr=9.99E-10 time=53.093
After sweep 7 energy=-4561.608047463467  maxlinkdim=229 maxerr=9.97E-10 time=51.641
After sweep 8 energy=-4561.608046662305  maxlinkdim=227 maxerr=9.98E-10 time=52.575
Energy difference less than 5.0e-5, stopping DMRG
