==== Slurm info ====
Job name:   ea_4_8to9
Job ID:     26624571
Node list:  node166
Num nodes:  1
Submit dir: /home/s39jleng_hpc/4xN_prec/ground
===============
Using a 4 by 8 lattice:
1/31
After sweep 1 energy=-80.84188962336114  maxlinkdim=40 maxerr=1.86E-07 time=18.524
After sweep 2 energy=-80.8373553463935  maxlinkdim=40 maxerr=2.65E-06 time=2.968
After sweep 3 energy=-80.83747834369086  maxlinkdim=40 maxerr=2.64E-06 time=2.948
After sweep 4 energy=-80.87309324130261  maxlinkdim=80 maxerr=7.96E-08 time=9.391
After sweep 5 energy=-80.87309208976467  maxlinkdim=80 maxerr=9.00E-08 time=11.624
After sweep 6 energy=-80.87309206402628  maxlinkdim=80 maxerr=8.99E-08 time=11.810
After sweep 7 energy=-80.87330958631593  maxlinkdim=320 maxerr=2.07E-12 time=58.055
After sweep 8 energy=-80.87330960779673  maxlinkdim=320 maxerr=2.31E-12 time=61.969
After sweep 9 energy=-80.87330960819996  maxlinkdim=320 maxerr=2.30E-12 time=61.461
After sweep 10 energy=-80.87330960961864  maxlinkdim=346 maxerr=1.00E-12 time=62.419
After sweep 11 energy=-80.87330960952926  maxlinkdim=346 maxerr=9.98E-13 time=62.726
After sweep 12 energy=-80.87330960964927  maxlinkdim=346 maxerr=1.00E-12 time=62.973
After sweep 13 energy=-80.87330960935292  maxlinkdim=345 maxerr=9.98E-13 time=61.352
After sweep 14 energy=-80.87330960954058  maxlinkdim=345 maxerr=9.99E-13 time=63.646
After sweep 15 energy=-80.87330960960335  maxlinkdim=346 maxerr=9.97E-13 time=61.701
After sweep 16 energy=-80.87330964415854  maxlinkdim=109 maxerr=9.91E-13 time=20.831
After sweep 17 energy=-80.87330964080104  maxlinkdim=104 maxerr=9.70E-13 time=9.082
After sweep 18 energy=-80.87330963734712  maxlinkdim=103 maxerr=9.90E-13 time=8.903
After sweep 19 energy=-80.87330963606095  maxlinkdim=103 maxerr=9.93E-13 time=8.622
After sweep 20 energy=-80.87330963560058  maxlinkdim=101 maxerr=9.97E-13 time=8.434
After sweep 21 energy=-80.87330963552768  maxlinkdim=101 maxerr=9.94E-13 time=8.811
After sweep 22 energy=-80.8733096348965  maxlinkdim=101 maxerr=9.92E-13 time=8.855
After sweep 23 energy=-80.87330963428556  maxlinkdim=101 maxerr=9.73E-13 time=8.867
After sweep 24 energy=-80.87330963429477  maxlinkdim=105 maxerr=9.97E-13 time=9.016
After sweep 25 energy=-80.87330963413643  maxlinkdim=103 maxerr=9.80E-13 time=8.702
After sweep 26 energy=-80.87330963383931  maxlinkdim=101 maxerr=9.55E-13 time=8.849
After sweep 27 energy=-80.87330963379377  maxlinkdim=101 maxerr=9.83E-13 time=8.659
After sweep 28 energy=-80.87330963326622  maxlinkdim=101 maxerr=9.93E-13 time=8.739
After sweep 29 energy=-80.87330963364911  maxlinkdim=104 maxerr=1.00E-12 time=8.983
After sweep 30 energy=-80.87330963373013  maxlinkdim=106 maxerr=9.83E-13 time=8.532
After sweep 31 energy=-80.87330963345448  maxlinkdim=103 maxerr=9.99E-13 time=8.342
After sweep 32 energy=-80.87330963314709  maxlinkdim=101 maxerr=9.98E-13 time=8.296
After sweep 33 energy=-80.87330963298717  maxlinkdim=101 maxerr=9.54E-13 time=8.304
After sweep 34 energy=-80.8733096327096  maxlinkdim=101 maxerr=9.79E-13 time=8.570
After sweep 35 energy=-80.87330963313843  maxlinkdim=101 maxerr=9.29E-13 time=8.926
After sweep 36 energy=-80.87330963271812  maxlinkdim=101 maxerr=9.20E-13 time=8.687
After sweep 37 energy=-80.87330963258844  maxlinkdim=101 maxerr=9.97E-13 time=8.464
After sweep 38 energy=-80.87330963198352  maxlinkdim=101 maxerr=9.90E-13 time=8.435
After sweep 39 energy=-80.87330963204597  maxlinkdim=103 maxerr=9.97E-13 time=8.703
After sweep 40 energy=-80.8733096315368  maxlinkdim=100 maxerr=9.60E-13 time=8.209
After sweep 41 energy=-80.87330963202658  maxlinkdim=104 maxerr=9.98E-13 time=8.356
Energy difference less than 5.0e-5, stopping DMRG
2/31
After sweep 1 energy=-87.17817011285467  maxlinkdim=104 maxerr=2.95E-08 time=16.954
After sweep 2 energy=-87.17817316838648  maxlinkdim=104 maxerr=3.00E-08 time=18.856
After sweep 3 energy=-87.17817311386844  maxlinkdim=104 maxerr=3.00E-08 time=19.408
After sweep 4 energy=-87.17824014246409  maxlinkdim=208 maxerr=1.65E-10 time=48.282
After sweep 5 energy=-87.17824049165813  maxlinkdim=111 maxerr=9.99E-13 time=17.074
After sweep 6 energy=-87.17824048968919  maxlinkdim=109 maxerr=9.95E-13 time=10.470
After sweep 7 energy=-87.17824048776004  maxlinkdim=108 maxerr=9.75E-13 time=9.914
After sweep 8 energy=-87.17824048649047  maxlinkdim=106 maxerr=9.97E-13 time=9.201
Energy difference less than 5.0e-5, stopping DMRG
3/31
After sweep 1 energy=-94.06935529625781  maxlinkdim=106 maxerr=3.31E-08 time=18.467
After sweep 2 energy=-94.06935852152516  maxlinkdim=106 maxerr=3.40E-08 time=19.444
After sweep 3 energy=-94.06935850910217  maxlinkdim=106 maxerr=3.39E-08 time=20.461
After sweep 4 energy=-94.06944146451262  maxlinkdim=212 maxerr=2.03E-10 time=50.574
After sweep 5 energy=-94.06944192287028  maxlinkdim=118 maxerr=9.91E-13 time=18.216
After sweep 6 energy=-94.06944192072275  maxlinkdim=115 maxerr=9.91E-13 time=10.966
After sweep 7 energy=-94.0694419196208  maxlinkdim=112 maxerr=9.84E-13 time=10.616
After sweep 8 energy=-94.06944191789353  maxlinkdim=111 maxerr=9.98E-13 time=10.938
Energy difference less than 5.0e-5, stopping DMRG
4/31
After sweep 1 energy=-101.60708610307509  maxlinkdim=111 maxerr=2.79E-08 time=19.775
After sweep 2 energy=-101.60709499973316  maxlinkdim=111 maxerr=2.97E-08 time=21.035
After sweep 3 energy=-101.60709495195074  maxlinkdim=111 maxerr=2.97E-08 time=20.937
After sweep 4 energy=-101.60718686537668  maxlinkdim=222 maxerr=1.93E-10 time=57.981
After sweep 5 energy=-101.6071873806311  maxlinkdim=128 maxerr=9.94E-13 time=20.760
After sweep 6 energy=-101.60718737908749  maxlinkdim=123 maxerr=9.99E-13 time=12.540
After sweep 7 energy=-101.60718737662182  maxlinkdim=120 maxerr=9.93E-13 time=12.267
After sweep 8 energy=-101.60718737525349  maxlinkdim=119 maxerr=9.83E-13 time=11.756
Energy difference less than 5.0e-5, stopping DMRG
5/31
After sweep 1 energy=-109.85860065231724  maxlinkdim=119 maxerr=2.35E-08 time=23.038
After sweep 2 energy=-109.85865051282423  maxlinkdim=119 maxerr=2.33E-08 time=24.406
After sweep 3 energy=-109.85865049580038  maxlinkdim=119 maxerr=2.34E-08 time=23.139
After sweep 4 energy=-109.85874223515815  maxlinkdim=238 maxerr=1.41E-10 time=61.089
After sweep 5 energy=-109.85874263578033  maxlinkdim=136 maxerr=9.99E-13 time=22.941
After sweep 6 energy=-109.85874263387865  maxlinkdim=133 maxerr=9.83E-13 time=13.414
After sweep 7 energy=-109.85874263176359  maxlinkdim=130 maxerr=9.97E-13 time=13.036
After sweep 8 energy=-109.85874263063543  maxlinkdim=130 maxerr=9.87E-13 time=13.105
Energy difference less than 5.0e-5, stopping DMRG
6/31
After sweep 1 energy=-118.89938991639622  maxlinkdim=130 maxerr=1.60E-08 time=27.680
After sweep 2 energy=-118.89939732894982  maxlinkdim=130 maxerr=1.65E-08 time=30.740
After sweep 3 energy=-118.8993972846748  maxlinkdim=130 maxerr=1.65E-08 time=30.487
After sweep 4 energy=-118.89946277553462  maxlinkdim=260 maxerr=8.29E-11 time=70.652
After sweep 5 energy=-118.89946307083699  maxlinkdim=144 maxerr=1.00E-12 time=24.741
After sweep 6 energy=-118.89946306893512  maxlinkdim=141 maxerr=1.00E-12 time=15.752
After sweep 7 energy=-118.89946306692612  maxlinkdim=139 maxerr=9.96E-13 time=16.007
After sweep 8 energy=-118.89946306553028  maxlinkdim=137 maxerr=9.92E-13 time=16.117
Energy difference less than 5.0e-5, stopping DMRG
7/31
After sweep 1 energy=-128.81409539762114  maxlinkdim=137 maxerr=1.29E-08 time=31.435
After sweep 2 energy=-128.81410414522023  maxlinkdim=137 maxerr=1.37E-08 time=33.750
After sweep 3 energy=-128.81410417611949  maxlinkdim=137 maxerr=1.37E-08 time=33.710
After sweep 4 energy=-128.81415488148386  maxlinkdim=274 maxerr=8.19E-11 time=78.527
After sweep 5 energy=-128.81415516908828  maxlinkdim=154 maxerr=9.94E-13 time=27.640
After sweep 6 energy=-128.81415516760444  maxlinkdim=150 maxerr=9.94E-13 time=17.585
After sweep 7 energy=-128.81415516647508  maxlinkdim=148 maxerr=9.70E-13 time=16.521
After sweep 8 energy=-128.81415516549876  maxlinkdim=150 maxerr=9.97E-13 time=16.016
Energy difference less than 5.0e-5, stopping DMRG
8/31
After sweep 1 energy=-139.69874795436138  maxlinkdim=150 maxerr=8.42E-09 time=35.693
After sweep 2 energy=-139.6987490321452  maxlinkdim=150 maxerr=8.60E-09 time=38.590
After sweep 3 energy=-139.69874904045176  maxlinkdim=150 maxerr=8.61E-09 time=37.021
After sweep 4 energy=-139.69878194668254  maxlinkdim=300 maxerr=6.22E-11 time=88.687
After sweep 5 energy=-139.69878214893834  maxlinkdim=164 maxerr=9.99E-13 time=29.315
After sweep 6 energy=-139.6987821468289  maxlinkdim=159 maxerr=9.99E-13 time=18.270
After sweep 7 energy=-139.69878214506315  maxlinkdim=156 maxerr=9.99E-13 time=18.404
After sweep 8 energy=-139.69878214458768  maxlinkdim=155 maxerr=9.96E-13 time=17.555
Energy difference less than 5.0e-5, stopping DMRG
9/31
After sweep 1 energy=-151.66257628353307  maxlinkdim=155 maxerr=8.98E-09 time=38.167
After sweep 2 energy=-151.66257873390114  maxlinkdim=155 maxerr=9.28E-09 time=40.661
After sweep 3 energy=-151.6625787326528  maxlinkdim=155 maxerr=9.28E-09 time=39.633
After sweep 4 energy=-151.66261962465805  maxlinkdim=310 maxerr=7.00E-11 time=97.264
After sweep 5 energy=-151.66261986280352  maxlinkdim=178 maxerr=9.95E-13 time=33.607
After sweep 6 energy=-151.6626198606809  maxlinkdim=172 maxerr=9.98E-13 time=22.553
After sweep 7 energy=-151.66261985948634  maxlinkdim=169 maxerr=9.91E-13 time=20.970
After sweep 8 energy=-151.66261985846594  maxlinkdim=165 maxerr=9.99E-13 time=21.531
Energy difference less than 5.0e-5, stopping DMRG
10/31
After sweep 1 energy=-164.83097119936255  maxlinkdim=165 maxerr=8.23E-09 time=42.784
After sweep 2 energy=-164.83097962540236  maxlinkdim=165 maxerr=8.40E-09 time=47.266
After sweep 3 energy=-164.8309796333456  maxlinkdim=165 maxerr=8.42E-09 time=46.404
After sweep 4 energy=-164.83100488065466  maxlinkdim=330 maxerr=6.20E-11 time=105.069
After sweep 5 energy=-164.83100511898587  maxlinkdim=187 maxerr=9.93E-13 time=36.568
After sweep 6 energy=-164.8310051171018  maxlinkdim=181 maxerr=1.00E-12 time=24.292
After sweep 7 energy=-164.83100511579056  maxlinkdim=177 maxerr=9.96E-13 time=23.375
After sweep 8 energy=-164.83100511464016  maxlinkdim=174 maxerr=9.99E-13 time=23.549
Energy difference less than 5.0e-5, stopping DMRG
11/31
After sweep 1 energy=-179.34883010076234  maxlinkdim=174 maxerr=8.27E-09 time=45.381
After sweep 2 energy=-179.34884780351592  maxlinkdim=174 maxerr=8.39E-09 time=49.422
After sweep 3 energy=-179.34884789096168  maxlinkdim=174 maxerr=8.42E-09 time=49.776
After sweep 4 energy=-179.348868799592  maxlinkdim=348 maxerr=5.90E-11 time=113.899
After sweep 5 energy=-179.3488690684115  maxlinkdim=200 maxerr=9.99E-13 time=40.813
After sweep 6 energy=-179.34886906623092  maxlinkdim=193 maxerr=9.99E-13 time=26.458
After sweep 7 energy=-179.3488690649427  maxlinkdim=192 maxerr=9.96E-13 time=26.554
After sweep 8 energy=-179.3488690636099  maxlinkdim=187 maxerr=9.94E-13 time=25.560
Energy difference less than 5.0e-5, stopping DMRG
12/31
After sweep 1 energy=-195.38522599758116  maxlinkdim=187 maxerr=1.20E-08 time=53.832
After sweep 2 energy=-195.38529863877267  maxlinkdim=187 maxerr=7.45E-09 time=60.801
After sweep 3 energy=-195.38529869286776  maxlinkdim=187 maxerr=7.46E-09 time=60.683
After sweep 4 energy=-195.38531991878116  maxlinkdim=374 maxerr=4.86E-11 time=130.153
After sweep 5 energy=-195.38532017642254  maxlinkdim=219 maxerr=1.00E-12 time=46.431
After sweep 6 energy=-195.38532017431882  maxlinkdim=214 maxerr=9.97E-13 time=31.662
After sweep 7 energy=-195.38532017281236  maxlinkdim=211 maxerr=9.89E-13 time=31.660
After sweep 8 energy=-195.38532017196903  maxlinkdim=204 maxerr=9.90E-13 time=30.338
Energy difference less than 5.0e-5, stopping DMRG
13/31
After sweep 1 energy=-213.13957654566104  maxlinkdim=204 maxerr=1.47E-08 time=62.197
After sweep 2 energy=-213.13962959787358  maxlinkdim=204 maxerr=5.65E-09 time=68.388
After sweep 3 energy=-213.1396294755418  maxlinkdim=204 maxerr=5.68E-09 time=68.508
After sweep 4 energy=-213.139645267573  maxlinkdim=408 maxerr=3.53E-11 time=147.661
After sweep 5 energy=-213.1396454761724  maxlinkdim=234 maxerr=1.00E-12 time=53.096
After sweep 6 energy=-213.13964547529113  maxlinkdim=231 maxerr=1.00E-12 time=34.461
After sweep 7 energy=-213.13964547377967  maxlinkdim=225 maxerr=9.97E-13 time=33.955
After sweep 8 energy=-213.13964547284334  maxlinkdim=221 maxerr=9.91E-13 time=34.702
Energy difference less than 5.0e-5, stopping DMRG
14/31
After sweep 1 energy=-232.84916751591356  maxlinkdim=221 maxerr=7.49E-09 time=74.324
After sweep 2 energy=-232.84923842089947  maxlinkdim=221 maxerr=4.53E-09 time=76.749
After sweep 3 energy=-232.84923838224825  maxlinkdim=221 maxerr=4.56E-09 time=77.577
After sweep 4 energy=-232.84925232866306  maxlinkdim=442 maxerr=2.72E-11 time=164.799
After sweep 5 energy=-232.84925251691874  maxlinkdim=245 maxerr=9.99E-13 time=60.277
After sweep 6 energy=-232.84925251511203  maxlinkdim=241 maxerr=9.96E-13 time=39.317
After sweep 7 energy=-232.84925251391974  maxlinkdim=237 maxerr=9.91E-13 time=42.015
After sweep 8 energy=-232.84925251259187  maxlinkdim=236 maxerr=9.99E-13 time=40.762
Energy difference less than 5.0e-5, stopping DMRG
15/31
After sweep 1 energy=-254.80022871688794  maxlinkdim=236 maxerr=1.19E-08 time=79.797
After sweep 2 energy=-254.80029148745453  maxlinkdim=236 maxerr=3.79E-09 time=86.508
After sweep 3 energy=-254.80029148056167  maxlinkdim=236 maxerr=3.81E-09 time=84.681
After sweep 4 energy=-254.80030519889968  maxlinkdim=472 maxerr=2.36E-11 time=183.048
After sweep 5 energy=-254.80030538768486  maxlinkdim=261 maxerr=9.96E-13 time=63.517
After sweep 6 energy=-254.8003053867144  maxlinkdim=258 maxerr=9.99E-13 time=43.496
After sweep 7 energy=-254.8003053850748  maxlinkdim=252 maxerr=1.00E-12 time=47.527
After sweep 8 energy=-254.80030538409733  maxlinkdim=248 maxerr=1.00E-12 time=47.324
Energy difference less than 5.0e-5, stopping DMRG
16/31
After sweep 1 energy=-279.3421428445995  maxlinkdim=248 maxerr=2.43E-08 time=89.136
After sweep 2 energy=-279.3421484683307  maxlinkdim=248 maxerr=3.58E-09 time=93.037
After sweep 3 energy=-279.34214845951533  maxlinkdim=248 maxerr=3.58E-09 time=90.830
After sweep 4 energy=-279.34216199702445  maxlinkdim=496 maxerr=2.35E-11 time=203.384
After sweep 5 energy=-279.3421621835902  maxlinkdim=278 maxerr=9.97E-13 time=73.727
After sweep 6 energy=-279.3421621826232  maxlinkdim=274 maxerr=9.97E-13 time=49.358
After sweep 7 energy=-279.34216218163743  maxlinkdim=269 maxerr=9.98E-13 time=47.647
After sweep 8 energy=-279.3421621807057  maxlinkdim=272 maxerr=9.99E-13 time=53.564
Energy difference less than 5.0e-5, stopping DMRG
17/31
After sweep 1 energy=-306.9072161355567  maxlinkdim=256 maxerr=1.68E-08 time=94.282
After sweep 2 energy=-306.90725853992024  maxlinkdim=256 maxerr=3.96E-09 time=99.454
After sweep 3 energy=-306.90725854166976  maxlinkdim=256 maxerr=3.96E-09 time=98.289
After sweep 4 energy=-306.90727516978325  maxlinkdim=512 maxerr=2.60E-11 time=220.074
After sweep 5 energy=-306.9072753748222  maxlinkdim=298 maxerr=9.98E-13 time=79.486
After sweep 6 energy=-306.90727537399744  maxlinkdim=295 maxerr=9.99E-13 time=55.197
After sweep 7 energy=-306.90727537265377  maxlinkdim=294 maxerr=9.93E-13 time=52.805
After sweep 8 energy=-306.90727537201667  maxlinkdim=290 maxerr=9.96E-13 time=57.361
Energy difference less than 5.0e-5, stopping DMRG
18/31
After sweep 1 energy=-338.03906408522573  maxlinkdim=256 maxerr=3.03E-08 time=99.239
After sweep 2 energy=-338.0390810377827  maxlinkdim=256 maxerr=5.26E-09 time=99.703
After sweep 3 energy=-338.03908103957417  maxlinkdim=256 maxerr=5.26E-09 time=99.159
After sweep 4 energy=-338.0391041111098  maxlinkdim=512 maxerr=3.71E-11 time=234.768
After sweep 5 energy=-338.0391044026347  maxlinkdim=314 maxerr=9.99E-13 time=88.250
After sweep 6 energy=-338.0391044024984  maxlinkdim=311 maxerr=9.97E-13 time=60.319
After sweep 7 energy=-338.039104401782  maxlinkdim=308 maxerr=9.95E-13 time=63.918
After sweep 8 energy=-338.0391044014288  maxlinkdim=309 maxerr=9.97E-13 time=63.959
Energy difference less than 5.0e-5, stopping DMRG
19/31
After sweep 1 energy=-373.4319918149199  maxlinkdim=256 maxerr=4.85E-08 time=102.656
After sweep 2 energy=-373.43201815732135  maxlinkdim=256 maxerr=7.12E-09 time=100.405
After sweep 3 energy=-373.43201813757395  maxlinkdim=256 maxerr=6.90E-09 time=101.683
After sweep 4 energy=-373.4320496303465  maxlinkdim=512 maxerr=6.62E-11 time=243.880
After sweep 5 energy=-373.4320500480565  maxlinkdim=333 maxerr=9.98E-13 time=95.593
After sweep 6 energy=-373.4320500477582  maxlinkdim=329 maxerr=9.98E-13 time=68.129
After sweep 7 energy=-373.4320500471758  maxlinkdim=329 maxerr=9.99E-13 time=72.106
After sweep 8 energy=-373.43205004666146  maxlinkdim=325 maxerr=1.00E-12 time=70.112
Energy difference less than 5.0e-5, stopping DMRG
20/31
After sweep 1 energy=-413.9898496690857  maxlinkdim=256 maxerr=4.84E-08 time=100.376
After sweep 2 energy=-413.9898482952826  maxlinkdim=256 maxerr=1.09E-08 time=100.732
After sweep 3 energy=-413.9898490895754  maxlinkdim=256 maxerr=1.09E-08 time=101.045
After sweep 4 energy=-413.98989242689976  maxlinkdim=512 maxerr=1.12E-10 time=249.725
After sweep 5 energy=-413.9898930235572  maxlinkdim=353 maxerr=1.00E-12 time=103.561
After sweep 6 energy=-413.9898930236398  maxlinkdim=351 maxerr=9.99E-13 time=75.732
After sweep 7 energy=-413.9898930233779  maxlinkdim=351 maxerr=1.00E-12 time=76.947
After sweep 8 energy=-413.98989302297093  maxlinkdim=349 maxerr=9.97E-13 time=74.392
Energy difference less than 5.0e-5, stopping DMRG
21/31
After sweep 1 energy=-460.913488389837  maxlinkdim=256 maxerr=6.11E-08 time=103.695
After sweep 2 energy=-460.91348898310207  maxlinkdim=256 maxerr=1.79E-08 time=99.125
After sweep 3 energy=-460.91348898350293  maxlinkdim=256 maxerr=1.79E-08 time=98.466
After sweep 4 energy=-460.91354783169686  maxlinkdim=512 maxerr=1.92E-10 time=250.751
After sweep 5 energy=-460.91354867862464  maxlinkdim=377 maxerr=9.98E-13 time=111.621
After sweep 6 energy=-460.9135486786997  maxlinkdim=373 maxerr=9.97E-13 time=84.113
After sweep 7 energy=-460.9135486785185  maxlinkdim=370 maxerr=9.99E-13 time=85.909
After sweep 8 energy=-460.9135486782642  maxlinkdim=369 maxerr=9.99E-13 time=86.775
Energy difference less than 5.0e-5, stopping DMRG
22/31
After sweep 1 energy=-515.8367445005023  maxlinkdim=256 maxerr=8.92E-08 time=103.652
After sweep 2 energy=-515.8367438359032  maxlinkdim=256 maxerr=2.95E-08 time=99.721
After sweep 3 energy=-515.8367438550707  maxlinkdim=256 maxerr=2.95E-08 time=99.033
After sweep 4 energy=-515.8368216306419  maxlinkdim=512 maxerr=3.27E-10 time=255.620
After sweep 5 energy=-515.8368228152419  maxlinkdim=394 maxerr=1.00E-12 time=124.465
After sweep 6 energy=-515.8368228153302  maxlinkdim=393 maxerr=9.99E-13 time=96.555
After sweep 7 energy=-515.8368228152185  maxlinkdim=392 maxerr=9.99E-13 time=97.583
After sweep 8 energy=-515.8368228151472  maxlinkdim=392 maxerr=9.98E-13 time=96.910
Energy difference less than 5.0e-5, stopping DMRG
23/31
After sweep 1 energy=-581.0437107856696  maxlinkdim=256 maxerr=7.40E-08 time=108.490
After sweep 2 energy=-581.0437099709177  maxlinkdim=256 maxerr=4.82E-08 time=102.371
After sweep 3 energy=-581.0437099805433  maxlinkdim=256 maxerr=4.82E-08 time=102.722
After sweep 4 energy=-581.0438114662797  maxlinkdim=512 maxerr=5.44E-10 time=259.792
After sweep 5 energy=-581.043813088439  maxlinkdim=416 maxerr=1.00E-12 time=130.525
After sweep 6 energy=-581.0438130885027  maxlinkdim=414 maxerr=9.99E-13 time=100.796
After sweep 7 energy=-581.0438130886142  maxlinkdim=415 maxerr=9.95E-13 time=106.817
After sweep 8 energy=-581.0438130885716  maxlinkdim=415 maxerr=1.00E-12 time=107.931
Energy difference less than 5.0e-5, stopping DMRG
24/31
After sweep 1 energy=-659.831379814005  maxlinkdim=256 maxerr=8.77E-08 time=111.456
After sweep 2 energy=-659.8313788822954  maxlinkdim=256 maxerr=7.82E-08 time=102.686
After sweep 3 energy=-659.8313788876942  maxlinkdim=256 maxerr=7.82E-08 time=101.509
After sweep 4 energy=-659.8315151026295  maxlinkdim=512 maxerr=9.34E-10 time=265.894
After sweep 5 energy=-659.8315173428498  maxlinkdim=434 maxerr=9.99E-13 time=141.313
After sweep 6 energy=-659.831517342979  maxlinkdim=435 maxerr=1.00E-12 time=108.107
After sweep 7 energy=-659.8315173429726  maxlinkdim=435 maxerr=9.99E-13 time=113.816
After sweep 8 energy=-659.8315173429618  maxlinkdim=435 maxerr=1.00E-12 time=116.104
Energy difference less than 5.0e-5, stopping DMRG
25/31
After sweep 1 energy=-757.1445926927215  maxlinkdim=256 maxerr=1.37E-07 time=111.734
After sweep 2 energy=-757.1445915362294  maxlinkdim=256 maxerr=1.25E-07 time=98.802
After sweep 3 energy=-757.144591510967  maxlinkdim=256 maxerr=1.25E-07 time=102.236
After sweep 4 energy=-757.1447740345488  maxlinkdim=512 maxerr=1.60E-09 time=267.014
After sweep 5 energy=-757.1447770380362  maxlinkdim=452 maxerr=1.00E-12 time=148.695
After sweep 6 energy=-757.1447770382634  maxlinkdim=455 maxerr=9.99E-13 time=120.898
After sweep 7 energy=-757.144777038227  maxlinkdim=456 maxerr=1.00E-12 time=119.321
After sweep 8 energy=-757.1447770382051  maxlinkdim=456 maxerr=9.99E-13 time=120.733
Energy difference less than 5.0e-5, stopping DMRG
26/31
After sweep 1 energy=-880.7557248600044  maxlinkdim=256 maxerr=2.13E-07 time=106.217
After sweep 2 energy=-880.7557241635716  maxlinkdim=256 maxerr=1.96E-07 time=92.674
After sweep 3 energy=-880.7557242178868  maxlinkdim=256 maxerr=1.96E-07 time=94.821
After sweep 4 energy=-880.7559606148324  maxlinkdim=512 maxerr=2.72E-09 time=266.836
After sweep 5 energy=-880.7559646584245  maxlinkdim=470 maxerr=1.00E-12 time=152.862
After sweep 6 energy=-880.755964658699  maxlinkdim=475 maxerr=1.00E-12 time=124.266
After sweep 7 energy=-880.7559646586941  maxlinkdim=476 maxerr=9.99E-13 time=128.045
After sweep 8 energy=-880.7559646587063  maxlinkdim=477 maxerr=1.00E-12 time=127.148
Energy difference less than 5.0e-5, stopping DMRG
27/31
After sweep 1 energy=-1043.6246820801193  maxlinkdim=256 maxerr=3.26E-07 time=108.295
After sweep 2 energy=-1043.6246768896544  maxlinkdim=256 maxerr=3.08E-07 time=95.020
After sweep 3 energy=-1043.6246768880642  maxlinkdim=256 maxerr=3.08E-07 time=93.189
After sweep 4 energy=-1043.6249940769037  maxlinkdim=512 maxerr=4.54E-09 time=268.953
After sweep 5 energy=-1043.624999633153  maxlinkdim=487 maxerr=1.00E-12 time=158.880
After sweep 6 energy=-1043.6249996337065  maxlinkdim=492 maxerr=1.00E-12 time=133.188
After sweep 7 energy=-1043.624999633664  maxlinkdim=492 maxerr=9.97E-13 time=133.632
After sweep 8 energy=-1043.62499963367  maxlinkdim=492 maxerr=9.95E-13 time=135.349
Energy difference less than 5.0e-5, stopping DMRG
28/31
After sweep 1 energy=-1269.0917091324068  maxlinkdim=256 maxerr=5.32E-07 time=111.442
After sweep 2 energy=-1269.091702249672  maxlinkdim=256 maxerr=5.13E-07 time=94.635
After sweep 3 energy=-1269.0917022513686  maxlinkdim=256 maxerr=5.13E-07 time=94.814
After sweep 4 energy=-1269.092122266086  maxlinkdim=512 maxerr=7.36E-09 time=268.801
After sweep 5 energy=-1269.0921298366106  maxlinkdim=502 maxerr=1.00E-12 time=167.200
After sweep 6 energy=-1269.0921298374312  maxlinkdim=509 maxerr=9.99E-13 time=144.411
After sweep 7 energy=-1269.0921298374717  maxlinkdim=509 maxerr=9.99E-13 time=144.350
After sweep 8 energy=-1269.0921298373598  maxlinkdim=509 maxerr=1.00E-12 time=146.592
Energy difference less than 5.0e-5, stopping DMRG
29/31
After sweep 1 energy=-1603.8600503817147  maxlinkdim=256 maxerr=7.90E-07 time=108.981
After sweep 2 energy=-1603.8600499870658  maxlinkdim=256 maxerr=7.87E-07 time=94.896
After sweep 3 energy=-1603.860049980217  maxlinkdim=256 maxerr=7.88E-07 time=95.535
After sweep 4 energy=-1603.8606294544925  maxlinkdim=512 maxerr=1.20E-08 time=268.780
After sweep 5 energy=-1603.860640091989  maxlinkdim=512 maxerr=1.17E-12 time=171.498
After sweep 6 energy=-1603.8606400929389  maxlinkdim=512 maxerr=1.34E-12 time=149.018
After sweep 7 energy=-1603.860640093646  maxlinkdim=523 maxerr=9.99E-13 time=147.036
After sweep 8 energy=-1603.8606400936883  maxlinkdim=523 maxerr=1.00E-12 time=147.972
Energy difference less than 5.0e-5, stopping DMRG
30/31
After sweep 1 energy=-2156.9446544843304  maxlinkdim=256 maxerr=7.69E-07 time=108.484
After sweep 2 energy=-2156.944654289519  maxlinkdim=256 maxerr=7.67E-07 time=93.648
After sweep 3 energy=-2156.944654289507  maxlinkdim=256 maxerr=7.67E-07 time=92.519
After sweep 4 energy=-2156.9454967039555  maxlinkdim=512 maxerr=1.21E-08 time=267.858
After sweep 5 energy=-2156.9455120757475  maxlinkdim=512 maxerr=1.55E-12 time=176.971
After sweep 6 energy=-2156.94551207649  maxlinkdim=512 maxerr=1.75E-12 time=152.798
After sweep 7 energy=-2156.9455120791026  maxlinkdim=533 maxerr=1.00E-12 time=153.199
After sweep 8 energy=-2156.9455120792463  maxlinkdim=535 maxerr=1.00E-12 time=154.177
Energy difference less than 5.0e-5, stopping DMRG
31/31
After sweep 1 energy=-3255.4664456753485  maxlinkdim=256 maxerr=7.23E-07 time=117.812
After sweep 2 energy=-3255.466445680833  maxlinkdim=256 maxerr=7.21E-07 time=93.522
After sweep 3 energy=-3255.4664456809132  maxlinkdim=256 maxerr=7.21E-07 time=92.817
After sweep 4 energy=-3255.467805865873  maxlinkdim=512 maxerr=1.13E-08 time=268.282
After sweep 5 energy=-3255.467830442084  maxlinkdim=512 maxerr=1.85E-12 time=178.841
After sweep 6 energy=-3255.4678304434246  maxlinkdim=512 maxerr=2.07E-12 time=157.994
After sweep 7 energy=-3255.4678304493773  maxlinkdim=542 maxerr=9.99E-13 time=161.378
After sweep 8 energy=-3255.4678304500158  maxlinkdim=544 maxerr=1.00E-12 time=161.933
Energy difference less than 5.0e-5, stopping DMRG
Using a 4 by 9 lattice:
1/31
After sweep 1 energy=-92.21920050892143  maxlinkdim=45 maxerr=1.02E-07 time=18.929
After sweep 2 energy=-92.23929860355557  maxlinkdim=45 maxerr=1.70E-06 time=4.965
After sweep 3 energy=-92.23924764113039  maxlinkdim=45 maxerr=1.96E-06 time=4.569
After sweep 4 energy=-92.25804713403973  maxlinkdim=90 maxerr=4.56E-08 time=12.982
After sweep 5 energy=-92.25805966390212  maxlinkdim=90 maxerr=5.08E-08 time=17.126
After sweep 6 energy=-92.25805967961803  maxlinkdim=90 maxerr=5.08E-08 time=16.685
After sweep 7 energy=-92.2581689595232  maxlinkdim=342 maxerr=9.99E-13 time=67.164
After sweep 8 energy=-92.2581689725563  maxlinkdim=345 maxerr=9.99E-13 time=78.573
After sweep 9 energy=-92.25816897299953  maxlinkdim=346 maxerr=1.00E-12 time=76.619
After sweep 10 energy=-92.25816897259493  maxlinkdim=346 maxerr=1.00E-12 time=76.481
After sweep 11 energy=-92.25816897293662  maxlinkdim=346 maxerr=9.98E-13 time=77.826
After sweep 12 energy=-92.25816897247606  maxlinkdim=346 maxerr=9.99E-13 time=78.187
After sweep 13 energy=-92.25816897246932  maxlinkdim=346 maxerr=9.99E-13 time=76.331
After sweep 14 energy=-92.25816897264204  maxlinkdim=345 maxerr=9.99E-13 time=77.542
After sweep 15 energy=-92.25816897202739  maxlinkdim=345 maxerr=9.97E-13 time=75.048
After sweep 16 energy=-92.25816902854055  maxlinkdim=110 maxerr=9.96E-13 time=24.062
After sweep 17 energy=-92.25816902499946  maxlinkdim=106 maxerr=9.94E-13 time=10.851
After sweep 18 energy=-92.2581690215934  maxlinkdim=104 maxerr=9.76E-13 time=10.790
After sweep 19 energy=-92.25816902049361  maxlinkdim=104 maxerr=9.82E-13 time=10.016
After sweep 20 energy=-92.25816901934286  maxlinkdim=102 maxerr=9.97E-13 time=10.302
After sweep 21 energy=-92.25816901879762  maxlinkdim=102 maxerr=9.74E-13 time=10.962
After sweep 22 energy=-92.25816901803682  maxlinkdim=101 maxerr=9.95E-13 time=10.866
After sweep 23 energy=-92.25816901807957  maxlinkdim=102 maxerr=9.80E-13 time=10.181
After sweep 24 energy=-92.25816901795633  maxlinkdim=101 maxerr=9.91E-13 time=10.035
After sweep 25 energy=-92.258169017201  maxlinkdim=101 maxerr=9.89E-13 time=9.996
After sweep 26 energy=-92.25816901662051  maxlinkdim=101 maxerr=9.91E-13 time=9.761
After sweep 27 energy=-92.25816901633152  maxlinkdim=101 maxerr=9.71E-13 time=9.913
After sweep 28 energy=-92.25816901579401  maxlinkdim=101 maxerr=9.97E-13 time=10.309
After sweep 29 energy=-92.25816901562735  maxlinkdim=101 maxerr=9.97E-13 time=10.078
After sweep 30 energy=-92.2581690150464  maxlinkdim=101 maxerr=9.72E-13 time=9.650
After sweep 31 energy=-92.25816901475628  maxlinkdim=101 maxerr=9.85E-13 time=10.406
After sweep 32 energy=-92.25816901520147  maxlinkdim=103 maxerr=9.86E-13 time=9.782
After sweep 33 energy=-92.25816901526923  maxlinkdim=106 maxerr=9.94E-13 time=9.687
After sweep 34 energy=-92.25816901522785  maxlinkdim=104 maxerr=9.98E-13 time=10.495
After sweep 35 energy=-92.25816901469034  maxlinkdim=102 maxerr=9.91E-13 time=9.786
After sweep 36 energy=-92.2581690155057  maxlinkdim=103 maxerr=9.61E-13 time=9.782
After sweep 37 energy=-92.2581690150264  maxlinkdim=102 maxerr=9.78E-13 time=10.594
After sweep 38 energy=-92.25816901405278  maxlinkdim=101 maxerr=9.92E-13 time=9.910
After sweep 39 energy=-92.2581690135853  maxlinkdim=101 maxerr=9.96E-13 time=9.923
After sweep 40 energy=-92.25816901344388  maxlinkdim=101 maxerr=9.68E-13 time=9.918
After sweep 41 energy=-92.25816901421513  maxlinkdim=101 maxerr=9.55E-13 time=9.895
Energy difference less than 5.0e-5, stopping DMRG
2/31
After sweep 1 energy=-99.43653676712087  maxlinkdim=101 maxerr=3.55E-08 time=19.949
After sweep 2 energy=-99.43654223621076  maxlinkdim=101 maxerr=3.63E-08 time=22.414
After sweep 3 energy=-99.43654217747813  maxlinkdim=101 maxerr=3.63E-08 time=21.533
After sweep 4 energy=-99.43663325061885  maxlinkdim=202 maxerr=2.01E-10 time=53.805
After sweep 5 energy=-99.43663385705918  maxlinkdim=112 maxerr=9.85E-13 time=19.925
After sweep 6 energy=-99.43663385488793  maxlinkdim=110 maxerr=9.99E-13 time=12.492
After sweep 7 energy=-99.43663385235091  maxlinkdim=107 maxerr=9.89E-13 time=11.755
After sweep 8 energy=-99.43663385102981  maxlinkdim=106 maxerr=9.98E-13 time=11.341
Energy difference less than 5.0e-5, stopping DMRG
3/31
After sweep 1 energy=-107.28056053145556  maxlinkdim=106 maxerr=3.17E-08 time=21.882
After sweep 2 energy=-107.28058021435965  maxlinkdim=106 maxerr=3.37E-08 time=23.871
After sweep 3 energy=-107.28058022019368  maxlinkdim=106 maxerr=3.39E-08 time=23.406
After sweep 4 energy=-107.28067898748822  maxlinkdim=212 maxerr=2.01E-10 time=59.935
After sweep 5 energy=-107.28067958243557  maxlinkdim=118 maxerr=1.00E-12 time=21.404
After sweep 6 energy=-107.28067957938669  maxlinkdim=114 maxerr=9.99E-13 time=14.109
After sweep 7 energy=-107.28067957821803  maxlinkdim=114 maxerr=9.85E-13 time=13.609
After sweep 8 energy=-107.28067957619578  maxlinkdim=111 maxerr=9.86E-13 time=13.288
Energy difference less than 5.0e-5, stopping DMRG
4/31
After sweep 1 energy=-115.85836963883185  maxlinkdim=111 maxerr=2.94E-08 time=23.137
After sweep 2 energy=-115.85838188820908  maxlinkdim=111 maxerr=2.97E-08 time=25.477
After sweep 3 energy=-115.8583806142598  maxlinkdim=111 maxerr=2.97E-08 time=25.454
After sweep 4 energy=-115.85849008748325  maxlinkdim=222 maxerr=1.97E-10 time=67.740
After sweep 5 energy=-115.85849075231724  maxlinkdim=127 maxerr=1.00E-12 time=24.418
After sweep 6 energy=-115.85849074959333  maxlinkdim=123 maxerr=9.98E-13 time=15.582
After sweep 7 energy=-115.85849074631028  maxlinkdim=119 maxerr=9.98E-13 time=14.419
After sweep 8 energy=-115.85849074481092  maxlinkdim=118 maxerr=9.98E-13 time=14.023
Energy difference less than 5.0e-5, stopping DMRG
5/31
After sweep 1 energy=-125.24601685911276  maxlinkdim=118 maxerr=2.42E-08 time=25.976
After sweep 2 energy=-125.24602242069464  maxlinkdim=118 maxerr=2.47E-08 time=27.504
After sweep 3 energy=-125.24602244786533  maxlinkdim=118 maxerr=2.47E-08 time=28.072
After sweep 4 energy=-125.24614157159786  maxlinkdim=236 maxerr=1.53E-10 time=72.929
After sweep 5 energy=-125.24614220081173  maxlinkdim=137 maxerr=1.00E-12 time=27.159
After sweep 6 energy=-125.24614219830866  maxlinkdim=133 maxerr=9.93E-13 time=16.318
After sweep 7 energy=-125.24614219521327  maxlinkdim=128 maxerr=1.00E-12 time=15.988
After sweep 8 energy=-125.24614219326759  maxlinkdim=128 maxerr=9.93E-13 time=15.181
Energy difference less than 5.0e-5, stopping DMRG
6/31
After sweep 1 energy=-135.5287387570642  maxlinkdim=128 maxerr=1.83E-08 time=30.226
After sweep 2 energy=-135.52874399397703  maxlinkdim=128 maxerr=1.86E-08 time=32.521
After sweep 3 energy=-135.52874399328775  maxlinkdim=128 maxerr=1.87E-08 time=32.003
After sweep 4 energy=-135.528839173649  maxlinkdim=256 maxerr=9.50E-11 time=83.047
After sweep 5 energy=-135.52883962269303  maxlinkdim=147 maxerr=9.96E-13 time=31.608
After sweep 6 energy=-135.5288396200675  maxlinkdim=142 maxerr=9.93E-13 time=19.205
After sweep 7 energy=-135.52883961781265  maxlinkdim=139 maxerr=9.96E-13 time=18.854
After sweep 8 energy=-135.52883961568705  maxlinkdim=137 maxerr=1.00E-12 time=18.683
Energy difference less than 5.0e-5, stopping DMRG
7/31
After sweep 1 energy=-146.80237829691865  maxlinkdim=137 maxerr=1.32E-08 time=35.048
After sweep 2 energy=-146.8023850368643  maxlinkdim=137 maxerr=1.36E-08 time=38.190
After sweep 3 energy=-146.80238506278488  maxlinkdim=137 maxerr=1.37E-08 time=38.986
After sweep 4 energy=-146.80245948848608  maxlinkdim=274 maxerr=8.02E-11 time=95.561
After sweep 5 energy=-146.8024598820216  maxlinkdim=154 maxerr=9.93E-13 time=31.816
After sweep 6 energy=-146.80245988096482  maxlinkdim=152 maxerr=9.97E-13 time=21.071
After sweep 7 energy=-146.802459878956  maxlinkdim=150 maxerr=9.97E-13 time=20.298
After sweep 8 energy=-146.80245987717933  maxlinkdim=148 maxerr=9.98E-13 time=20.435
Energy difference less than 5.0e-5, stopping DMRG
8/31
After sweep 1 energy=-159.17543100293  maxlinkdim=148 maxerr=9.55E-09 time=40.190
After sweep 2 energy=-159.175432924605  maxlinkdim=148 maxerr=9.42E-09 time=43.668
After sweep 3 energy=-159.17543289334716  maxlinkdim=148 maxerr=9.43E-09 time=43.727
After sweep 4 energy=-159.17548142563123  maxlinkdim=296 maxerr=6.88E-11 time=104.980
After sweep 5 energy=-159.17548174139262  maxlinkdim=164 maxerr=9.98E-13 time=36.938
After sweep 6 energy=-159.17548173953645  maxlinkdim=159 maxerr=9.96E-13 time=22.975
After sweep 7 energy=-159.17548173753565  maxlinkdim=156 maxerr=9.93E-13 time=21.390
After sweep 8 energy=-159.17548173642308  maxlinkdim=155 maxerr=9.99E-13 time=22.046
Energy difference less than 5.0e-5, stopping DMRG
9/31
After sweep 1 energy=-172.77136539184892  maxlinkdim=155 maxerr=1.08E-08 time=44.239
After sweep 2 energy=-172.77137020528266  maxlinkdim=155 maxerr=9.23E-09 time=48.736
After sweep 3 energy=-172.77137021694628  maxlinkdim=155 maxerr=9.27E-09 time=46.278
After sweep 4 energy=-172.7714270481258  maxlinkdim=310 maxerr=7.00E-11 time=116.209
After sweep 5 energy=-172.7714273749577  maxlinkdim=178 maxerr=9.98E-13 time=38.604
After sweep 6 energy=-172.771427372186  maxlinkdim=172 maxerr=9.95E-13 time=26.046
After sweep 7 energy=-172.77142737094832  maxlinkdim=170 maxerr=9.92E-13 time=25.347
After sweep 8 energy=-172.7714273694585  maxlinkdim=166 maxerr=9.97E-13 time=25.548
Energy difference less than 5.0e-5, stopping DMRG
10/31
After sweep 1 energy=-187.73193960137513  maxlinkdim=166 maxerr=8.37E-09 time=52.969
After sweep 2 energy=-187.7319367877862  maxlinkdim=166 maxerr=8.16E-09 time=54.194
After sweep 3 energy=-187.7319367810491  maxlinkdim=166 maxerr=8.16E-09 time=53.602
After sweep 4 energy=-187.7319755300475  maxlinkdim=332 maxerr=5.84E-11 time=132.153
After sweep 5 energy=-187.73197585513563  maxlinkdim=187 maxerr=9.99E-13 time=44.381
After sweep 6 energy=-187.73197585248627  maxlinkdim=180 maxerr=9.98E-13 time=29.218
After sweep 7 energy=-187.73197585063716  maxlinkdim=178 maxerr=9.90E-13 time=27.079
After sweep 8 energy=-187.73197584887367  maxlinkdim=175 maxerr=9.96E-13 time=27.596
Energy difference less than 5.0e-5, stopping DMRG
11/31
After sweep 1 energy=-204.2209255567452  maxlinkdim=175 maxerr=1.93E-08 time=54.948
After sweep 2 energy=-204.22093405424468  maxlinkdim=175 maxerr=8.16E-09 time=59.863
After sweep 3 energy=-204.2209340826342  maxlinkdim=175 maxerr=8.17E-09 time=59.791
After sweep 4 energy=-204.22096670591455  maxlinkdim=350 maxerr=5.63E-11 time=139.740
After sweep 5 energy=-204.2209670677455  maxlinkdim=201 maxerr=9.96E-13 time=50.885
After sweep 6 energy=-204.22096706535774  maxlinkdim=190 maxerr=9.97E-13 time=32.398
After sweep 7 energy=-204.2209670632147  maxlinkdim=187 maxerr=9.93E-13 time=31.138
After sweep 8 energy=-204.22096706241746  maxlinkdim=185 maxerr=9.99E-13 time=30.165
Energy difference less than 5.0e-5, stopping DMRG
12/31
After sweep 1 energy=-222.4295398752943  maxlinkdim=185 maxerr=7.81E-09 time=65.274
After sweep 2 energy=-222.42956306217204  maxlinkdim=185 maxerr=7.94E-09 time=68.716
After sweep 3 energy=-222.42956305818618  maxlinkdim=185 maxerr=7.95E-09 time=69.395
After sweep 4 energy=-222.42959555892054  maxlinkdim=370 maxerr=5.30E-11 time=156.833
After sweep 5 energy=-222.42959593007043  maxlinkdim=219 maxerr=1.00E-12 time=55.163
After sweep 6 energy=-222.42959592857304  maxlinkdim=214 maxerr=9.96E-13 time=37.306
After sweep 7 energy=-222.42959592659614  maxlinkdim=208 maxerr=9.99E-13 time=37.621
After sweep 8 energy=-222.42959592450316  maxlinkdim=204 maxerr=9.90E-13 time=36.164
Energy difference less than 5.0e-5, stopping DMRG
13/31
After sweep 1 energy=-242.58318474473018  maxlinkdim=204 maxerr=6.35E-09 time=73.218
After sweep 2 energy=-242.58319389390692  maxlinkdim=204 maxerr=5.66E-09 time=79.999
After sweep 3 energy=-242.58319388351498  maxlinkdim=204 maxerr=5.68E-09 time=81.474
After sweep 4 energy=-242.58321462019327  maxlinkdim=408 maxerr=3.53E-11 time=178.877
After sweep 5 energy=-242.58321490733826  maxlinkdim=233 maxerr=1.00E-12 time=62.186
After sweep 6 energy=-242.58321490595281  maxlinkdim=228 maxerr=9.98E-13 time=43.523
After sweep 7 energy=-242.5832149045219  maxlinkdim=223 maxerr=1.00E-12 time=42.790
After sweep 8 energy=-242.58321490257126  maxlinkdim=219 maxerr=9.97E-13 time=42.147
Energy difference less than 5.0e-5, stopping DMRG
14/31
After sweep 1 energy=-264.95029363667305  maxlinkdim=219 maxerr=7.35E-09 time=83.796
After sweep 2 energy=-264.95031784029425  maxlinkdim=219 maxerr=4.84E-09 time=90.860
After sweep 3 energy=-264.9503178314494  maxlinkdim=219 maxerr=4.84E-09 time=92.117
After sweep 4 energy=-264.95033682159135  maxlinkdim=438 maxerr=2.94E-11 time=198.736
After sweep 5 energy=-264.9503370924278  maxlinkdim=245 maxerr=9.99E-13 time=70.722
After sweep 6 energy=-264.95033709072186  maxlinkdim=243 maxerr=9.97E-13 time=46.414
After sweep 7 energy=-264.9503370893161  maxlinkdim=241 maxerr=9.98E-13 time=48.695
After sweep 8 energy=-264.9503370885207  maxlinkdim=236 maxerr=9.98E-13 time=47.706
Energy difference less than 5.0e-5, stopping DMRG
15/31
After sweep 1 energy=-289.8546614372159  maxlinkdim=236 maxerr=2.09E-08 time=96.927
After sweep 2 energy=-289.85467666647713  maxlinkdim=236 maxerr=3.81E-09 time=101.727
After sweep 3 energy=-289.8546766684476  maxlinkdim=236 maxerr=3.81E-09 time=99.875
After sweep 4 energy=-289.85469369348044  maxlinkdim=472 maxerr=2.34E-11 time=223.753
After sweep 5 energy=-289.8546939588902  maxlinkdim=266 maxerr=9.98E-13 time=79.201
After sweep 6 energy=-289.85469395748527  maxlinkdim=262 maxerr=9.99E-13 time=53.096
After sweep 7 energy=-289.854693955881  maxlinkdim=254 maxerr=9.98E-13 time=54.738
After sweep 8 energy=-289.8546939544061  maxlinkdim=249 maxerr=9.99E-13 time=56.019
Energy difference less than 5.0e-5, stopping DMRG
16/31
After sweep 1 energy=-317.6915821623526  maxlinkdim=249 maxerr=1.56E-08 time=104.246
After sweep 2 energy=-317.69158553694575  maxlinkdim=249 maxerr=3.48E-09 time=109.616
After sweep 3 energy=-317.6915855358583  maxlinkdim=249 maxerr=3.48E-09 time=109.073
After sweep 4 energy=-317.6916029505976  maxlinkdim=498 maxerr=2.25E-11 time=244.833
After sweep 5 energy=-317.69160320765906  maxlinkdim=282 maxerr=1.00E-12 time=90.022
After sweep 6 energy=-317.69160320686024  maxlinkdim=279 maxerr=1.00E-12 time=64.008
After sweep 7 energy=-317.69160320527203  maxlinkdim=272 maxerr=1.00E-12 time=63.204
After sweep 8 energy=-317.69160320443063  maxlinkdim=268 maxerr=9.93E-13 time=62.401
Energy difference less than 5.0e-5, stopping DMRG
17/31
After sweep 1 energy=-348.9504693376507  maxlinkdim=256 maxerr=1.94E-08 time=117.430
After sweep 2 energy=-348.95050812356226  maxlinkdim=256 maxerr=3.96E-09 time=120.150
After sweep 3 energy=-348.9505081236043  maxlinkdim=256 maxerr=3.96E-09 time=123.269
After sweep 4 energy=-348.9505302063413  maxlinkdim=512 maxerr=2.60E-11 time=276.255
After sweep 5 energy=-348.9505305004526  maxlinkdim=298 maxerr=9.93E-13 time=97.065
After sweep 6 energy=-348.95053049966737  maxlinkdim=295 maxerr=1.00E-12 time=65.797
After sweep 7 energy=-348.95053049880255  maxlinkdim=292 maxerr=1.00E-12 time=66.990
After sweep 8 energy=-348.9505304975108  maxlinkdim=289 maxerr=9.97E-13 time=66.741
Energy difference less than 5.0e-5, stopping DMRG
18/31
After sweep 1 energy=-384.2466625168027  maxlinkdim=256 maxerr=2.51E-08 time=119.583
After sweep 2 energy=-384.24670530055675  maxlinkdim=256 maxerr=5.25E-09 time=124.254
After sweep 3 energy=-384.2467053009592  maxlinkdim=256 maxerr=5.26E-09 time=123.998
After sweep 4 energy=-384.2467352108069  maxlinkdim=512 maxerr=3.75E-11 time=287.810
After sweep 5 energy=-384.24673561885066  maxlinkdim=314 maxerr=1.00E-12 time=105.643
After sweep 6 energy=-384.2467356181319  maxlinkdim=310 maxerr=9.98E-13 time=76.049
After sweep 7 energy=-384.2467356172567  maxlinkdim=308 maxerr=9.96E-13 time=81.145
After sweep 8 energy=-384.2467356168605  maxlinkdim=309 maxerr=9.99E-13 time=80.453
Energy difference less than 5.0e-5, stopping DMRG
19/31
After sweep 1 energy=-424.36649899080766  maxlinkdim=256 maxerr=2.68E-08 time=123.496
After sweep 2 energy=-424.366508546036  maxlinkdim=256 maxerr=7.17E-09 time=122.179
After sweep 3 energy=-424.3665085466982  maxlinkdim=256 maxerr=7.18E-09 time=121.835
After sweep 4 energy=-424.36654900361816  maxlinkdim=512 maxerr=6.56E-11 time=296.440
After sweep 5 energy=-424.36654958634927  maxlinkdim=332 maxerr=9.99E-13 time=118.532
After sweep 6 energy=-424.3665495863704  maxlinkdim=331 maxerr=9.98E-13 time=85.252
After sweep 7 energy=-424.3665495859637  maxlinkdim=329 maxerr=9.99E-13 time=89.037
After sweep 8 energy=-424.3665495850744  maxlinkdim=326 maxerr=9.98E-13 time=92.311
Energy difference less than 5.0e-5, stopping DMRG
20/31
After sweep 1 energy=-470.3335791701012  maxlinkdim=256 maxerr=4.22E-08 time=125.005
After sweep 2 energy=-470.33357567890727  maxlinkdim=256 maxerr=1.12E-08 time=123.795
After sweep 3 energy=-470.3335756886211  maxlinkdim=256 maxerr=1.13E-08 time=124.084
After sweep 4 energy=-470.3336327445068  maxlinkdim=512 maxerr=1.13E-10 time=302.452
After sweep 5 energy=-470.3336335499355  maxlinkdim=352 maxerr=9.96E-13 time=127.232
After sweep 6 energy=-470.33363355026006  maxlinkdim=351 maxerr=1.00E-12 time=100.058
After sweep 7 energy=-470.3336335500012  maxlinkdim=349 maxerr=9.98E-13 time=100.231
After sweep 8 energy=-470.3336335494155  maxlinkdim=349 maxerr=9.99E-13 time=98.982
Energy difference less than 5.0e-5, stopping DMRG
21/31
After sweep 1 energy=-523.5084052756956  maxlinkdim=256 maxerr=6.28E-08 time=126.721
After sweep 2 energy=-523.5084023336304  maxlinkdim=256 maxerr=1.81E-08 time=125.764
After sweep 3 energy=-523.5084023202776  maxlinkdim=256 maxerr=1.81E-08 time=122.342
After sweep 4 energy=-523.5084781972748  maxlinkdim=512 maxerr=1.93E-10 time=306.073
After sweep 5 energy=-523.5084793319623  maxlinkdim=376 maxerr=1.00E-12 time=136.335
After sweep 6 energy=-523.5084793319245  maxlinkdim=373 maxerr=1.00E-12 time=102.944
After sweep 7 energy=-523.5084793317214  maxlinkdim=371 maxerr=9.99E-13 time=105.066
After sweep 8 energy=-523.5084793313596  maxlinkdim=370 maxerr=9.98E-13 time=108.000
Energy difference less than 5.0e-5, stopping DMRG
22/31
After sweep 1 energy=-585.7422358787505  maxlinkdim=256 maxerr=5.78E-08 time=129.066
After sweep 2 energy=-585.7422326681948  maxlinkdim=256 maxerr=2.96E-08 time=124.144
After sweep 3 energy=-585.7422327113007  maxlinkdim=256 maxerr=2.96E-08 time=124.589
After sweep 4 energy=-585.7423362467326  maxlinkdim=512 maxerr=3.28E-10 time=314.955
After sweep 5 energy=-585.7423378032065  maxlinkdim=397 maxerr=1.00E-12 time=152.960
After sweep 6 energy=-585.7423378032245  maxlinkdim=394 maxerr=9.99E-13 time=114.867
After sweep 7 energy=-585.742337803131  maxlinkdim=393 maxerr=9.97E-13 time=119.467
After sweep 8 energy=-585.7423378029314  maxlinkdim=393 maxerr=9.99E-13 time=118.920
Energy difference less than 5.0e-5, stopping DMRG
23/31
After sweep 1 energy=-659.6235860718741  maxlinkdim=256 maxerr=6.20E-08 time=135.017
After sweep 2 energy=-659.6235839471217  maxlinkdim=256 maxerr=4.79E-08 time=123.071
After sweep 3 energy=-659.6235839390229  maxlinkdim=256 maxerr=4.79E-08 time=124.191
After sweep 4 energy=-659.6237176221173  maxlinkdim=512 maxerr=5.56E-10 time=318.406
After sweep 5 energy=-659.6237197612746  maxlinkdim=417 maxerr=9.98E-13 time=161.231
After sweep 6 energy=-659.6237197614311  maxlinkdim=416 maxerr=9.99E-13 time=129.274
After sweep 7 energy=-659.6237197614271  maxlinkdim=415 maxerr=9.99E-13 time=131.002
After sweep 8 energy=-659.6237197613024  maxlinkdim=415 maxerr=1.00E-12 time=135.023
Energy difference less than 5.0e-5, stopping DMRG
24/31
After sweep 1 energy=-748.8893462420435  maxlinkdim=256 maxerr=1.05E-07 time=133.640
After sweep 2 energy=-748.8893436432943  maxlinkdim=256 maxerr=7.65E-08 time=124.646
After sweep 3 energy=-748.8893436667674  maxlinkdim=256 maxerr=7.66E-08 time=124.265
After sweep 4 energy=-748.8895236291331  maxlinkdim=512 maxerr=9.65E-10 time=326.688
After sweep 5 energy=-748.8895265560429  maxlinkdim=434 maxerr=9.99E-13 time=175.240
After sweep 6 energy=-748.8895265561383  maxlinkdim=436 maxerr=1.00E-12 time=139.834
After sweep 7 energy=-748.8895265561918  maxlinkdim=436 maxerr=9.99E-13 time=137.371
After sweep 8 energy=-748.8895265561479  maxlinkdim=436 maxerr=9.99E-13 time=139.723
Energy difference less than 5.0e-5, stopping DMRG
25/31
After sweep 1 energy=-859.1446850792228  maxlinkdim=256 maxerr=1.39E-07 time=137.400
After sweep 2 energy=-859.144681648992  maxlinkdim=256 maxerr=1.20E-07 time=125.892
After sweep 3 energy=-859.1446816809212  maxlinkdim=256 maxerr=1.20E-07 time=122.950
After sweep 4 energy=-859.1449195056116  maxlinkdim=512 maxerr=1.63E-09 time=327.130
After sweep 5 energy=-859.1449234978276  maxlinkdim=452 maxerr=1.00E-12 time=180.484
After sweep 6 energy=-859.1449234982316  maxlinkdim=458 maxerr=9.99E-13 time=147.940
After sweep 7 energy=-859.144923498322  maxlinkdim=459 maxerr=9.99E-13 time=150.934
After sweep 8 energy=-859.1449234983445  maxlinkdim=459 maxerr=1.00E-12 time=152.581
Energy difference less than 5.0e-5, stopping DMRG
26/31
After sweep 1 energy=-999.2004343277177  maxlinkdim=256 maxerr=2.04E-07 time=133.706
After sweep 2 energy=-999.2004256451854  maxlinkdim=256 maxerr=1.89E-07 time=116.481
After sweep 3 energy=-999.20042572135  maxlinkdim=256 maxerr=1.89E-07 time=116.831
After sweep 4 energy=-999.2007492484138  maxlinkdim=512 maxerr=2.77E-09 time=330.155
After sweep 5 energy=-999.2007546878403  maxlinkdim=471 maxerr=9.99E-13 time=190.027
After sweep 6 energy=-999.2007546883533  maxlinkdim=477 maxerr=9.99E-13 time=157.602
After sweep 7 energy=-999.2007546883538  maxlinkdim=478 maxerr=9.99E-13 time=156.297
After sweep 8 energy=-999.2007546883433  maxlinkdim=478 maxerr=9.99E-13 time=157.147
Energy difference less than 5.0e-5, stopping DMRG
27/31
After sweep 1 energy=-1183.7485491280818  maxlinkdim=256 maxerr=3.20E-07 time=128.835
After sweep 2 energy=-1183.7485427078516  maxlinkdim=256 maxerr=3.03E-07 time=110.022
After sweep 3 energy=-1183.7485427082584  maxlinkdim=256 maxerr=3.03E-07 time=111.399
After sweep 4 energy=-1183.7489862297916  maxlinkdim=512 maxerr=4.67E-09 time=330.861
After sweep 5 energy=-1183.748993532033  maxlinkdim=490 maxerr=1.00E-12 time=197.288
After sweep 6 energy=-1183.7489935330086  maxlinkdim=496 maxerr=9.98E-13 time=164.460
After sweep 7 energy=-1183.7489935330022  maxlinkdim=497 maxerr=9.98E-13 time=162.618
After sweep 8 energy=-1183.7489935330154  maxlinkdim=497 maxerr=9.99E-13 time=163.713
Energy difference less than 5.0e-5, stopping DMRG
28/31
After sweep 1 energy=-1439.2488479551575  maxlinkdim=256 maxerr=5.00E-07 time=141.701
After sweep 2 energy=-1439.248844063934  maxlinkdim=256 maxerr=5.00E-07 time=117.450
After sweep 3 energy=-1439.2488440640116  maxlinkdim=256 maxerr=5.00E-07 time=115.434
After sweep 4 energy=-1439.2494362692578  maxlinkdim=512 maxerr=7.48E-09 time=331.074
After sweep 5 energy=-1439.2494463085638  maxlinkdim=506 maxerr=9.98E-13 time=208.268
After sweep 6 energy=-1439.249446309629  maxlinkdim=512 maxerr=1.00E-12 time=182.095
After sweep 7 energy=-1439.2494463096834  maxlinkdim=513 maxerr=9.99E-13 time=183.955
After sweep 8 energy=-1439.249446309727  maxlinkdim=513 maxerr=9.99E-13 time=183.247
Energy difference less than 5.0e-5, stopping DMRG
29/31
After sweep 1 energy=-1818.6464160203109  maxlinkdim=256 maxerr=7.65E-07 time=138.954
After sweep 2 energy=-1818.6464153873403  maxlinkdim=256 maxerr=7.64E-07 time=119.035
After sweep 3 energy=-1818.646415387574  maxlinkdim=256 maxerr=7.64E-07 time=118.119
After sweep 4 energy=-1818.6472293910329  maxlinkdim=512 maxerr=1.18E-08 time=331.130
After sweep 5 energy=-1818.6472438099363  maxlinkdim=512 maxerr=1.27E-12 time=214.031
After sweep 6 energy=-1818.647243810813  maxlinkdim=512 maxerr=1.49E-12 time=193.149
After sweep 7 energy=-1818.6472438122778  maxlinkdim=529 maxerr=9.99E-13 time=192.411
After sweep 8 energy=-1818.6472438123842  maxlinkdim=529 maxerr=9.97E-13 time=190.930
Energy difference less than 5.0e-5, stopping DMRG
30/31
After sweep 1 energy=-2445.5246927639546  maxlinkdim=256 maxerr=7.47E-07 time=144.375
After sweep 2 energy=-2445.52469220076  maxlinkdim=256 maxerr=7.45E-07 time=118.292
After sweep 3 energy=-2445.5246922009683  maxlinkdim=256 maxerr=7.45E-07 time=115.612
After sweep 4 energy=-2445.525864447206  maxlinkdim=512 maxerr=1.19E-08 time=335.778
After sweep 5 energy=-2445.5258856922987  maxlinkdim=512 maxerr=1.64E-12 time=221.460
After sweep 6 energy=-2445.5258856935693  maxlinkdim=512 maxerr=1.91E-12 time=200.056
After sweep 7 energy=-2445.5258856980213  maxlinkdim=539 maxerr=9.99E-13 time=199.255
After sweep 8 energy=-2445.5258856983423  maxlinkdim=541 maxerr=9.97E-13 time=201.358
Energy difference less than 5.0e-5, stopping DMRG
31/31
After sweep 1 energy=-3690.717411946127  maxlinkdim=256 maxerr=7.03E-07 time=141.055
After sweep 2 energy=-3690.7174118173225  maxlinkdim=256 maxerr=7.02E-07 time=116.740
After sweep 3 energy=-3690.717411817551  maxlinkdim=256 maxerr=7.02E-07 time=116.503
After sweep 4 energy=-3690.719293230687  maxlinkdim=512 maxerr=1.11E-08 time=336.686
After sweep 5 energy=-3690.719327454148  maxlinkdim=512 maxerr=2.08E-12 time=223.967
After sweep 6 energy=-3690.719327456084  maxlinkdim=512 maxerr=2.31E-12 time=195.390
After sweep 7 energy=-3690.719327466287  maxlinkdim=548 maxerr=1.00E-12 time=201.258
After sweep 8 energy=-3690.7193274672354  maxlinkdim=551 maxerr=1.00E-12 time=203.318
Energy difference less than 5.0e-5, stopping DMRG
