==== Slurm info ====
Job name:   sa_4_11
Job ID:     26385148
Node list:  node132
Num nodes:  1
Submit dir: /home/s39jleng_hpc/Nx4/string
===============
Using a 4 by 11 lattice:
1/31
After sweep 1 energy=195.0152149201812  maxlinkdim=51 maxerr=9.69E-10 time=15.663
After sweep 2 energy=193.05695816682086  maxlinkdim=55 maxerr=3.49E-07 time=3.853
After sweep 3 energy=192.78835247190912  maxlinkdim=55 maxerr=6.01E-07 time=5.908
After sweep 4 energy=192.72455630507164  maxlinkdim=110 maxerr=1.89E-08 time=8.860
After sweep 5 energy=192.71495933358216  maxlinkdim=110 maxerr=5.54E-08 time=13.574
After sweep 6 energy=192.7138607618708  maxlinkdim=110 maxerr=6.75E-08 time=13.680
After sweep 7 energy=192.71357868919773  maxlinkdim=202 maxerr=9.98E-10 time=16.172
After sweep 8 energy=192.71354818472085  maxlinkdim=212 maxerr=9.95E-10 time=16.751
After sweep 9 energy=192.7135423358264  maxlinkdim=213 maxerr=9.99E-10 time=17.869
After sweep 10 energy=192.713535150021  maxlinkdim=213 maxerr=9.98E-10 time=18.322
After sweep 11 energy=192.71353325083587  maxlinkdim=213 maxerr=9.99E-10 time=18.558
After sweep 12 energy=192.7135342192532  maxlinkdim=215 maxerr=9.97E-10 time=18.991
After sweep 13 energy=192.71353330946286  maxlinkdim=215 maxerr=9.99E-10 time=19.319
After sweep 14 energy=192.7135334904553  maxlinkdim=215 maxerr=9.98E-10 time=18.354
After sweep 15 energy=192.7135363098163  maxlinkdim=215 maxerr=9.96E-10 time=19.162
After sweep 16 energy=192.713482756585  maxlinkdim=75 maxerr=9.97E-10 time=10.707
After sweep 17 energy=192.71348406039533  maxlinkdim=72 maxerr=9.86E-10 time=6.553
After sweep 18 energy=192.71348546828682  maxlinkdim=71 maxerr=9.81E-10 time=6.357
After sweep 19 energy=192.71348605949953  maxlinkdim=71 maxerr=9.82E-10 time=6.523
After sweep 20 energy=192.713486148785  maxlinkdim=71 maxerr=9.58E-10 time=6.227
After sweep 21 energy=192.71348615001494  maxlinkdim=71 maxerr=6.92E-10 time=6.279
After sweep 22 energy=192.71348616726462  maxlinkdim=71 maxerr=5.17E-10 time=6.471
After sweep 23 energy=192.71348639353425  maxlinkdim=71 maxerr=9.89E-10 time=6.524
After sweep 24 energy=192.7134865880289  maxlinkdim=71 maxerr=9.14E-10 time=6.344
After sweep 25 energy=192.71348683664098  maxlinkdim=71 maxerr=9.65E-10 time=6.550
After sweep 26 energy=192.7134869145928  maxlinkdim=71 maxerr=9.90E-10 time=6.436
After sweep 27 energy=192.71348734645835  maxlinkdim=70 maxerr=9.98E-10 time=6.320
After sweep 28 energy=192.71348744884165  maxlinkdim=70 maxerr=9.77E-10 time=6.317
After sweep 29 energy=192.7134874778175  maxlinkdim=70 maxerr=9.67E-10 time=6.309
After sweep 30 energy=192.71348758588184  maxlinkdim=70 maxerr=6.37E-10 time=6.447
After sweep 31 energy=192.71348752384256  maxlinkdim=70 maxerr=9.63E-10 time=6.318
After sweep 32 energy=192.7134877541677  maxlinkdim=70 maxerr=9.85E-10 time=6.215
After sweep 33 energy=192.71348782066644  maxlinkdim=70 maxerr=8.95E-10 time=6.417
After sweep 34 energy=192.71348788242219  maxlinkdim=70 maxerr=9.86E-10 time=6.320
After sweep 35 energy=192.71348788232277  maxlinkdim=70 maxerr=9.00E-10 time=6.221
After sweep 36 energy=192.71348803514746  maxlinkdim=70 maxerr=9.86E-10 time=6.090
After sweep 37 energy=192.7134882365493  maxlinkdim=70 maxerr=8.68E-10 time=6.300
After sweep 38 energy=192.71348809169186  maxlinkdim=70 maxerr=8.28E-10 time=5.926
After sweep 39 energy=192.71348818109328  maxlinkdim=70 maxerr=7.50E-10 time=6.229
After sweep 40 energy=192.71348828197068  maxlinkdim=70 maxerr=9.86E-10 time=6.089
After sweep 41 energy=192.71348827914701  maxlinkdim=70 maxerr=4.96E-10 time=6.251
Energy difference less than 5.0e-5, stopping DMRG
2/31
After sweep 1 energy=178.69003113350297  maxlinkdim=70 maxerr=1.29E-06 time=9.201
After sweep 2 energy=178.6898029407063  maxlinkdim=70 maxerr=1.13E-06 time=10.374
After sweep 3 energy=178.6897793782269  maxlinkdim=70 maxerr=1.23E-06 time=9.668
After sweep 4 energy=178.68369744222824  maxlinkdim=140 maxerr=1.94E-08 time=14.136
After sweep 5 energy=178.68355547651117  maxlinkdim=71 maxerr=9.83E-10 time=9.217
After sweep 6 energy=178.68354599850196  maxlinkdim=69 maxerr=9.80E-10 time=6.221
After sweep 7 energy=178.68354334582693  maxlinkdim=69 maxerr=9.97E-10 time=6.221
After sweep 8 energy=178.68354234705532  maxlinkdim=69 maxerr=9.30E-10 time=6.154
Energy difference less than 5.0e-5, stopping DMRG
3/31
After sweep 1 energy=164.09543317894364  maxlinkdim=69 maxerr=1.73E-06 time=9.891
After sweep 2 energy=164.0954922917397  maxlinkdim=69 maxerr=1.58E-06 time=9.823
After sweep 3 energy=164.0954774827725  maxlinkdim=69 maxerr=1.78E-06 time=10.611
After sweep 4 energy=164.0864042184322  maxlinkdim=138 maxerr=3.17E-08 time=15.202
After sweep 5 energy=164.08618164406286  maxlinkdim=77 maxerr=9.96E-10 time=10.333
After sweep 6 energy=164.08616095819858  maxlinkdim=79 maxerr=9.96E-10 time=7.325
After sweep 7 energy=164.08615664501758  maxlinkdim=78 maxerr=9.70E-10 time=7.143
After sweep 8 energy=164.0861560303519  maxlinkdim=77 maxerr=9.93E-10 time=7.671
Energy difference less than 5.0e-5, stopping DMRG
4/31
After sweep 1 energy=148.86523415891128  maxlinkdim=77 maxerr=1.29E-06 time=11.540
After sweep 2 energy=148.86481366653268  maxlinkdim=77 maxerr=1.23E-06 time=13.049
After sweep 3 energy=148.86494840178668  maxlinkdim=77 maxerr=1.25E-06 time=12.781
After sweep 4 energy=148.85947326103937  maxlinkdim=154 maxerr=2.20E-08 time=17.694
After sweep 5 energy=148.85931468897482  maxlinkdim=82 maxerr=9.97E-10 time=13.414
After sweep 6 energy=148.85929759189744  maxlinkdim=85 maxerr=9.91E-10 time=8.942
After sweep 7 energy=148.85929338602486  maxlinkdim=83 maxerr=9.99E-10 time=8.529
After sweep 8 energy=148.8592931793943  maxlinkdim=81 maxerr=9.80E-10 time=8.385
Energy difference less than 5.0e-5, stopping DMRG
5/31
After sweep 1 energy=132.93931221458885  maxlinkdim=81 maxerr=1.26E-06 time=13.116
After sweep 2 energy=132.93863624785953  maxlinkdim=81 maxerr=1.25E-06 time=14.129
After sweep 3 energy=132.93849280700675  maxlinkdim=81 maxerr=1.27E-06 time=13.922
After sweep 4 energy=132.93356248128703  maxlinkdim=162 maxerr=2.61E-08 time=20.481
After sweep 5 energy=132.93336519766962  maxlinkdim=89 maxerr=9.96E-10 time=14.940
After sweep 6 energy=132.93334865808038  maxlinkdim=90 maxerr=9.93E-10 time=10.481
After sweep 7 energy=132.9333474539104  maxlinkdim=87 maxerr=9.97E-10 time=10.371
After sweep 8 energy=132.9333484739962  maxlinkdim=85 maxerr=9.95E-10 time=9.856
Energy difference less than 5.0e-5, stopping DMRG
6/31
After sweep 1 energy=116.23652246337767  maxlinkdim=85 maxerr=1.22E-06 time=14.493
After sweep 2 energy=116.23563156773882  maxlinkdim=85 maxerr=1.26E-06 time=15.767
After sweep 3 energy=116.23563553671092  maxlinkdim=85 maxerr=1.28E-06 time=15.921
After sweep 4 energy=116.23024485255965  maxlinkdim=170 maxerr=2.98E-08 time=24.194
After sweep 5 energy=116.2299871375235  maxlinkdim=98 maxerr=9.98E-10 time=18.221
After sweep 6 energy=116.22996716877525  maxlinkdim=98 maxerr=9.93E-10 time=11.463
After sweep 7 energy=116.2299647191594  maxlinkdim=97 maxerr=1.00E-09 time=10.408
After sweep 8 energy=116.2299657490177  maxlinkdim=94 maxerr=9.92E-10 time=11.756
Energy difference less than 5.0e-5, stopping DMRG
7/31
After sweep 1 energy=98.66605357461478  maxlinkdim=94 maxerr=1.21E-06 time=17.623
After sweep 2 energy=98.66530748767715  maxlinkdim=94 maxerr=1.17E-06 time=19.965
After sweep 3 energy=98.66531906995087  maxlinkdim=94 maxerr=1.18E-06 time=19.735
After sweep 4 energy=98.6608561228196  maxlinkdim=188 maxerr=2.75E-08 time=28.893
After sweep 5 energy=98.66061711002047  maxlinkdim=107 maxerr=1.00E-09 time=20.507
After sweep 6 energy=98.66060210886363  maxlinkdim=111 maxerr=1.00E-09 time=13.819
After sweep 7 energy=98.66060250089099  maxlinkdim=108 maxerr=9.97E-10 time=13.613
After sweep 8 energy=98.66060465466941  maxlinkdim=106 maxerr=1.00E-09 time=14.455
Energy difference less than 5.0e-5, stopping DMRG
8/31
After sweep 1 energy=80.12965163310898  maxlinkdim=106 maxerr=9.96E-07 time=22.562
After sweep 2 energy=80.1287729552053  maxlinkdim=106 maxerr=1.01E-06 time=25.086
After sweep 3 energy=80.12885848088345  maxlinkdim=106 maxerr=1.01E-06 time=24.462
After sweep 4 energy=80.12484586660531  maxlinkdim=212 maxerr=2.09E-08 time=35.058
After sweep 5 energy=80.12453889922256  maxlinkdim=126 maxerr=9.95E-10 time=25.651
After sweep 6 energy=80.12451493147637  maxlinkdim=126 maxerr=9.96E-10 time=17.770
After sweep 7 energy=80.1245152878426  maxlinkdim=123 maxerr=1.00E-09 time=18.847
After sweep 8 energy=80.12451791589547  maxlinkdim=121 maxerr=9.99E-10 time=18.850
Energy difference less than 5.0e-5, stopping DMRG
9/31
After sweep 1 energy=60.51131395737056  maxlinkdim=121 maxerr=8.20E-07 time=27.769
After sweep 2 energy=60.51064043941699  maxlinkdim=121 maxerr=8.73E-07 time=30.287
After sweep 3 energy=60.51086614393601  maxlinkdim=121 maxerr=9.22E-07 time=30.619
After sweep 4 energy=60.50759492554294  maxlinkdim=242 maxerr=1.86E-08 time=42.210
After sweep 5 energy=60.50744222335435  maxlinkdim=139 maxerr=9.98E-10 time=31.919
After sweep 6 energy=60.50743517058359  maxlinkdim=139 maxerr=9.99E-10 time=21.066
After sweep 7 energy=60.507436296994165  maxlinkdim=136 maxerr=9.98E-10 time=21.268
After sweep 8 energy=60.50743787322881  maxlinkdim=134 maxerr=9.99E-10 time=20.583
Energy difference less than 5.0e-5, stopping DMRG
10/31
After sweep 1 energy=39.68107042484708  maxlinkdim=134 maxerr=6.33E-07 time=32.712
After sweep 2 energy=39.679829748224286  maxlinkdim=134 maxerr=7.46E-07 time=38.128
After sweep 3 energy=39.67980312105959  maxlinkdim=134 maxerr=7.79E-07 time=36.193
After sweep 4 energy=39.67718756876031  maxlinkdim=268 maxerr=1.64E-08 time=49.472
After sweep 5 energy=39.67704228982251  maxlinkdim=152 maxerr=1.00E-09 time=37.130
After sweep 6 energy=39.677038020021826  maxlinkdim=156 maxerr=9.99E-10 time=25.823
After sweep 7 energy=39.67703911944427  maxlinkdim=152 maxerr=9.85E-10 time=25.859
After sweep 8 energy=39.67704129052965  maxlinkdim=148 maxerr=9.96E-10 time=25.547
Energy difference less than 5.0e-5, stopping DMRG
11/31
After sweep 1 energy=17.48464068598428  maxlinkdim=148 maxerr=6.89E-07 time=40.448
After sweep 2 energy=17.483327458238396  maxlinkdim=148 maxerr=6.84E-07 time=45.894
After sweep 3 energy=17.483298432905933  maxlinkdim=148 maxerr=7.02E-07 time=47.322
After sweep 4 energy=17.48043652099707  maxlinkdim=296 maxerr=1.43E-08 time=62.066
After sweep 5 energy=17.480281255952722  maxlinkdim=171 maxerr=9.97E-10 time=46.330
After sweep 6 energy=17.48027776730672  maxlinkdim=174 maxerr=9.97E-10 time=31.836
After sweep 7 energy=17.480279946041033  maxlinkdim=169 maxerr=9.96E-10 time=30.820
After sweep 8 energy=17.48028271189378  maxlinkdim=165 maxerr=1.00E-09 time=29.653
Energy difference less than 5.0e-5, stopping DMRG
12/31
After sweep 1 energy=-6.2566518246331375  maxlinkdim=165 maxerr=4.97E-07 time=47.891
After sweep 2 energy=-6.258367134820301  maxlinkdim=165 maxerr=5.68E-07 time=56.202
After sweep 3 energy=-6.258395632399188  maxlinkdim=165 maxerr=5.81E-07 time=56.250
After sweep 4 energy=-6.261510390197623  maxlinkdim=330 maxerr=1.26E-08 time=74.674
After sweep 5 energy=-6.261658766965951  maxlinkdim=194 maxerr=1.00E-09 time=55.726
After sweep 6 energy=-6.261661747406362  maxlinkdim=192 maxerr=9.94E-10 time=39.667
After sweep 7 energy=-6.261659353453069  maxlinkdim=187 maxerr=9.99E-10 time=38.523
After sweep 8 energy=-6.261656561679047  maxlinkdim=185 maxerr=9.95E-10 time=37.612
Energy difference less than 5.0e-5, stopping DMRG
13/31
After sweep 1 energy=-31.7542461147693  maxlinkdim=185 maxerr=4.16E-07 time=57.245
After sweep 2 energy=-31.756301143396477  maxlinkdim=185 maxerr=4.80E-07 time=69.727
After sweep 3 energy=-31.756324768178835  maxlinkdim=185 maxerr=4.97E-07 time=68.161
After sweep 4 energy=-31.75934905117271  maxlinkdim=370 maxerr=1.11E-08 time=88.302
After sweep 5 energy=-31.75949015283345  maxlinkdim=219 maxerr=9.97E-10 time=67.242
After sweep 6 energy=-31.759491548180904  maxlinkdim=218 maxerr=9.98E-10 time=46.894
After sweep 7 energy=-31.759488985129394  maxlinkdim=216 maxerr=9.96E-10 time=43.686
After sweep 8 energy=-31.759486631899563  maxlinkdim=212 maxerr=9.94E-10 time=43.179
Energy difference less than 5.0e-5, stopping DMRG
14/31
After sweep 1 energy=-59.259383807485094  maxlinkdim=212 maxerr=3.38E-07 time=72.513
After sweep 2 energy=-59.26128163807635  maxlinkdim=212 maxerr=3.85E-07 time=86.625
After sweep 3 energy=-59.261305828261506  maxlinkdim=212 maxerr=3.92E-07 time=87.707
After sweep 4 energy=-59.263535572919395  maxlinkdim=424 maxerr=8.66E-09 time=108.348
After sweep 5 energy=-59.263664212374714  maxlinkdim=249 maxerr=9.99E-10 time=84.650
After sweep 6 energy=-59.263664375898315  maxlinkdim=248 maxerr=9.98E-10 time=60.862
After sweep 7 energy=-59.263661764949305  maxlinkdim=242 maxerr=9.98E-10 time=59.416
After sweep 8 energy=-59.263658953711  maxlinkdim=237 maxerr=9.99E-10 time=57.087
Energy difference less than 5.0e-5, stopping DMRG
15/31
After sweep 1 energy=-89.07014721374803  maxlinkdim=237 maxerr=2.71E-07 time=87.920
After sweep 2 energy=-89.07226855011223  maxlinkdim=237 maxerr=3.25E-07 time=104.925
After sweep 3 energy=-89.07237690947613  maxlinkdim=237 maxerr=3.41E-07 time=106.571
After sweep 4 energy=-89.07436492279768  maxlinkdim=474 maxerr=8.14E-09 time=135.113
After sweep 5 energy=-89.07449498055061  maxlinkdim=279 maxerr=9.98E-10 time=101.097
After sweep 6 energy=-89.07449364225454  maxlinkdim=282 maxerr=1.00E-09 time=71.993
After sweep 7 energy=-89.07449114362088  maxlinkdim=274 maxerr=1.00E-09 time=68.933
After sweep 8 energy=-89.07448871793935  maxlinkdim=271 maxerr=9.92E-10 time=68.482
Energy difference less than 5.0e-5, stopping DMRG
16/31
After sweep 1 energy=-121.55049674272462  maxlinkdim=256 maxerr=3.00E-07 time=104.737
After sweep 2 energy=-121.55306913675892  maxlinkdim=256 maxerr=3.40E-07 time=122.924
After sweep 3 energy=-121.55317568666156  maxlinkdim=256 maxerr=3.67E-07 time=123.308
After sweep 4 energy=-121.55535710705081  maxlinkdim=512 maxerr=9.24E-09 time=161.827
After sweep 5 energy=-121.55549066883006  maxlinkdim=310 maxerr=9.97E-10 time=119.879
After sweep 6 energy=-121.55549009478696  maxlinkdim=309 maxerr=1.00E-09 time=85.747
After sweep 7 energy=-121.55548796383755  maxlinkdim=305 maxerr=9.99E-10 time=85.639
After sweep 8 energy=-121.55548561224487  maxlinkdim=301 maxerr=9.97E-10 time=83.311
Energy difference less than 5.0e-5, stopping DMRG
17/31
After sweep 1 energy=-157.14624519371762  maxlinkdim=256 maxerr=4.12E-07 time=111.868
After sweep 2 energy=-157.14784831631957  maxlinkdim=256 maxerr=4.84E-07 time=124.977
After sweep 3 energy=-157.14781983017483  maxlinkdim=256 maxerr=5.20E-07 time=128.327
After sweep 4 energy=-157.1514115429498  maxlinkdim=512 maxerr=1.51E-08 time=178.109
After sweep 5 energy=-157.15158065996508  maxlinkdim=340 maxerr=9.99E-10 time=136.784
After sweep 6 energy=-157.15157994986737  maxlinkdim=336 maxerr=1.00E-09 time=97.670
After sweep 7 energy=-157.1515776504225  maxlinkdim=332 maxerr=9.96E-10 time=96.635
After sweep 8 energy=-157.15157557654334  maxlinkdim=329 maxerr=9.95E-10 time=95.566
Energy difference less than 5.0e-5, stopping DMRG
18/31
After sweep 1 energy=-196.40877507541296  maxlinkdim=256 maxerr=5.94E-07 time=123.884
After sweep 2 energy=-196.40977011963116  maxlinkdim=256 maxerr=6.66E-07 time=129.423
After sweep 3 energy=-196.4096655520319  maxlinkdim=256 maxerr=7.01E-07 time=131.650
After sweep 4 energy=-196.41496767536697  maxlinkdim=512 maxerr=2.31E-08 time=192.500
After sweep 5 energy=-196.41519820553094  maxlinkdim=369 maxerr=9.99E-10 time=156.514
After sweep 6 energy=-196.4151970337839  maxlinkdim=370 maxerr=9.98E-10 time=114.011
After sweep 7 energy=-196.4151954309591  maxlinkdim=369 maxerr=9.99E-10 time=111.110
After sweep 8 energy=-196.41519393334056  maxlinkdim=363 maxerr=1.00E-09 time=109.226
Energy difference less than 5.0e-5, stopping DMRG
19/31
After sweep 1 energy=-240.03690275200069  maxlinkdim=256 maxerr=8.15E-07 time=126.246
After sweep 2 energy=-240.03727796253978  maxlinkdim=256 maxerr=9.03E-07 time=128.614
After sweep 3 energy=-240.03706946648416  maxlinkdim=256 maxerr=9.25E-07 time=127.329
After sweep 4 energy=-240.04462521330134  maxlinkdim=512 maxerr=3.35E-08 time=200.975
After sweep 5 energy=-240.04494769826792  maxlinkdim=405 maxerr=1.00E-09 time=177.383
After sweep 6 energy=-240.04494753618283  maxlinkdim=406 maxerr=9.99E-10 time=138.698
After sweep 7 energy=-240.04494566104472  maxlinkdim=402 maxerr=9.99E-10 time=131.905
After sweep 8 energy=-240.0449443810719  maxlinkdim=398 maxerr=9.96E-10 time=129.334
Energy difference less than 5.0e-5, stopping DMRG
20/31
After sweep 1 energy=-288.934014583902  maxlinkdim=256 maxerr=9.92E-07 time=138.069
After sweep 2 energy=-288.93309643047905  maxlinkdim=256 maxerr=1.16E-06 time=129.979
After sweep 3 energy=-288.9329947139193  maxlinkdim=256 maxerr=1.18E-06 time=130.114
After sweep 4 energy=-288.9433401729922  maxlinkdim=512 maxerr=4.68E-08 time=212.538
After sweep 5 energy=-288.94377009582837  maxlinkdim=433 maxerr=9.99E-10 time=194.940
After sweep 6 energy=-288.94377087580904  maxlinkdim=452 maxerr=1.00E-09 time=156.513
After sweep 7 energy=-288.9437694744058  maxlinkdim=445 maxerr=9.99E-10 time=154.279
After sweep 8 energy=-288.94376818721537  maxlinkdim=439 maxerr=9.99E-10 time=147.537
Energy difference less than 5.0e-5, stopping DMRG
21/31
After sweep 1 energy=-344.29452604901144  maxlinkdim=256 maxerr=1.39E-06 time=147.365
After sweep 2 energy=-344.29335472016027  maxlinkdim=256 maxerr=1.47E-06 time=134.396
After sweep 3 energy=-344.2932276294594  maxlinkdim=256 maxerr=1.46E-06 time=133.110
After sweep 4 energy=-344.3066253100618  maxlinkdim=512 maxerr=6.28E-08 time=228.601
After sweep 5 energy=-344.30720421834906  maxlinkdim=484 maxerr=9.99E-10 time=220.040
After sweep 6 energy=-344.3072051310129  maxlinkdim=492 maxerr=9.99E-10 time=187.933
After sweep 7 energy=-344.3072035854891  maxlinkdim=487 maxerr=1.00E-09 time=187.275
After sweep 8 energy=-344.3072026481974  maxlinkdim=481 maxerr=1.00E-09 time=184.587
Energy difference less than 5.0e-5, stopping DMRG
22/31
After sweep 1 energy=-407.74316916456246  maxlinkdim=256 maxerr=1.67E-06 time=156.133
After sweep 2 energy=-407.74192726878306  maxlinkdim=256 maxerr=1.82E-06 time=132.715
After sweep 3 energy=-407.74185550741174  maxlinkdim=256 maxerr=1.81E-06 time=131.492
After sweep 4 energy=-407.75890727453424  maxlinkdim=512 maxerr=8.13E-08 time=249.202
After sweep 5 energy=-407.75965579532107  maxlinkdim=512 maxerr=1.28E-09 time=248.757
After sweep 6 energy=-407.7596554196822  maxlinkdim=512 maxerr=1.54E-09 time=220.171
After sweep 7 energy=-407.75965436759424  maxlinkdim=517 maxerr=9.98E-10 time=216.546
After sweep 8 energy=-407.75965354243465  maxlinkdim=515 maxerr=1.00E-09 time=209.995
Energy difference less than 5.0e-5, stopping DMRG
23/31
After sweep 1 energy=-481.5517487073309  maxlinkdim=256 maxerr=2.03E-06 time=167.508
After sweep 2 energy=-481.5502044482349  maxlinkdim=256 maxerr=2.22E-06 time=139.446
After sweep 3 energy=-481.5501183769054  maxlinkdim=256 maxerr=2.21E-06 time=141.637
After sweep 4 energy=-481.57059491897786  maxlinkdim=512 maxerr=1.03E-07 time=262.349
After sweep 5 energy=-481.5715515202953  maxlinkdim=512 maxerr=2.22E-09 time=268.757
After sweep 6 energy=-481.57155154298516  maxlinkdim=512 maxerr=3.20E-09 time=242.997
After sweep 7 energy=-481.57155237474507  maxlinkdim=564 maxerr=1.00E-09 time=244.893
After sweep 8 energy=-481.57155173488707  maxlinkdim=560 maxerr=1.00E-09 time=242.164
Energy difference less than 5.0e-5, stopping DMRG
24/31
After sweep 1 energy=-568.994510047564  maxlinkdim=256 maxerr=2.67E-06 time=178.692
After sweep 2 energy=-568.9940026656955  maxlinkdim=256 maxerr=2.70E-06 time=143.718
After sweep 3 energy=-568.9939395279339  maxlinkdim=256 maxerr=2.69E-06 time=144.509
After sweep 4 energy=-569.0191365895326  maxlinkdim=512 maxerr=1.27E-07 time=275.604
After sweep 5 energy=-569.0203255775087  maxlinkdim=512 maxerr=4.06E-09 time=283.984
After sweep 6 energy=-569.0203262934463  maxlinkdim=512 maxerr=4.89E-09 time=263.396
After sweep 7 energy=-569.0203304457657  maxlinkdim=602 maxerr=1.00E-09 time=272.622
After sweep 8 energy=-569.0203302327552  maxlinkdim=615 maxerr=1.00E-09 time=276.126
Energy difference less than 5.0e-5, stopping DMRG
25/31
After sweep 1 energy=-674.9886402701048  maxlinkdim=256 maxerr=3.18E-06 time=177.504
After sweep 2 energy=-674.9887347262897  maxlinkdim=256 maxerr=3.19E-06 time=138.845
After sweep 3 energy=-674.9887139710058  maxlinkdim=256 maxerr=3.19E-06 time=137.009
After sweep 4 energy=-675.0201568778882  maxlinkdim=512 maxerr=1.55E-07 time=277.037
After sweep 5 energy=-675.0216449097607  maxlinkdim=512 maxerr=6.34E-09 time=300.632
After sweep 6 energy=-675.0216453413673  maxlinkdim=512 maxerr=7.70E-09 time=275.005
After sweep 7 energy=-675.0216534385447  maxlinkdim=628 maxerr=9.99E-10 time=289.840
After sweep 8 energy=-675.0216539849736  maxlinkdim=649 maxerr=1.00E-09 time=301.621
Energy difference less than 5.0e-5, stopping DMRG
26/31
After sweep 1 energy=-807.2603058562502  maxlinkdim=256 maxerr=3.83E-06 time=178.451
After sweep 2 energy=-807.260621848458  maxlinkdim=256 maxerr=3.72E-06 time=138.953
After sweep 3 energy=-807.2606464453075  maxlinkdim=256 maxerr=3.72E-06 time=133.348
After sweep 4 energy=-807.30000109412  maxlinkdim=512 maxerr=1.84E-07 time=280.421
After sweep 5 energy=-807.3018772702127  maxlinkdim=512 maxerr=9.43E-09 time=311.048
After sweep 6 energy=-807.3018774245702  maxlinkdim=512 maxerr=1.14E-08 time=291.902
After sweep 7 energy=-807.3018911510975  maxlinkdim=655 maxerr=9.98E-10 time=310.184
After sweep 8 energy=-807.3018924492495  maxlinkdim=679 maxerr=1.00E-09 time=327.129
Energy difference less than 5.0e-5, stopping DMRG
27/31
After sweep 1 energy=-978.6918013523955  maxlinkdim=256 maxerr=4.44E-06 time=183.420
After sweep 2 energy=-978.6922189766422  maxlinkdim=256 maxerr=4.27E-06 time=134.982
After sweep 3 energy=-978.6921679922576  maxlinkdim=256 maxerr=4.27E-06 time=132.583
After sweep 4 energy=-978.7415586732686  maxlinkdim=512 maxerr=2.13E-07 time=285.349
After sweep 5 energy=-978.7439241504686  maxlinkdim=512 maxerr=1.25E-08 time=323.423
After sweep 6 energy=-978.743924614989  maxlinkdim=512 maxerr=1.53E-08 time=301.811
After sweep 7 energy=-978.7439465784552  maxlinkdim=676 maxerr=1.00E-09 time=329.107
After sweep 8 energy=-978.7439482676916  maxlinkdim=707 maxerr=9.99E-10 time=346.605
Energy difference less than 5.0e-5, stopping DMRG
28/31
After sweep 1 energy=-1212.4805120816748  maxlinkdim=256 maxerr=5.00E-06 time=182.619
After sweep 2 energy=-1212.481089918449  maxlinkdim=256 maxerr=4.84E-06 time=133.571
After sweep 3 energy=-1212.4811834054622  maxlinkdim=256 maxerr=4.83E-06 time=131.197
After sweep 4 energy=-1212.5465829729953  maxlinkdim=512 maxerr=2.42E-07 time=289.051
After sweep 5 energy=-1212.549653237489  maxlinkdim=512 maxerr=1.62E-08 time=326.063
After sweep 6 energy=-1212.5496539630396  maxlinkdim=512 maxerr=1.96E-08 time=311.556
After sweep 7 energy=-1212.5496881906397  maxlinkdim=695 maxerr=1.00E-09 time=345.297
After sweep 8 energy=-1212.549690957826  maxlinkdim=730 maxerr=1.00E-09 time=365.340
Energy difference less than 5.0e-5, stopping DMRG
29/31
After sweep 1 energy=-1555.0543403130016  maxlinkdim=256 maxerr=5.52E-06 time=190.491
After sweep 2 energy=-1555.0557529878317  maxlinkdim=256 maxerr=5.34E-06 time=139.669
After sweep 3 energy=-1555.0559732641884  maxlinkdim=256 maxerr=5.34E-06 time=133.096
After sweep 4 energy=-1555.1441165704487  maxlinkdim=512 maxerr=2.70E-07 time=287.562
After sweep 5 energy=-1555.1482329417938  maxlinkdim=512 maxerr=2.08E-08 time=332.927
After sweep 6 energy=-1555.148233977887  maxlinkdim=512 maxerr=2.40E-08 time=318.330
After sweep 7 energy=-1555.148286961811  maxlinkdim=709 maxerr=1.00E-09 time=356.800
After sweep 8 energy=-1555.1482910024906  maxlinkdim=752 maxerr=1.00E-09 time=384.978
Energy difference less than 5.0e-5, stopping DMRG
30/31
After sweep 1 energy=-2114.7912783170354  maxlinkdim=256 maxerr=5.93E-06 time=188.798
After sweep 2 energy=-2114.7926261486696  maxlinkdim=256 maxerr=5.73E-06 time=135.488
After sweep 3 energy=-2114.792881001172  maxlinkdim=256 maxerr=5.72E-06 time=133.706
After sweep 4 energy=-2114.917912633576  maxlinkdim=512 maxerr=2.95E-07 time=287.086
After sweep 5 energy=-2114.9238157241157  maxlinkdim=512 maxerr=2.42E-08 time=334.639
After sweep 6 energy=-2114.9238171592524  maxlinkdim=512 maxerr=2.84E-08 time=325.120
After sweep 7 energy=-2114.923899859304  maxlinkdim=724 maxerr=9.99E-10 time=366.538
After sweep 8 energy=-2114.923905757905  maxlinkdim=769 maxerr=9.99E-10 time=401.474
Energy difference less than 5.0e-5, stopping DMRG
31/31
After sweep 1 energy=-3216.9212372717966  maxlinkdim=256 maxerr=6.24E-06 time=193.701
After sweep 2 energy=-3216.923440771869  maxlinkdim=256 maxerr=6.04E-06 time=132.531
After sweep 3 energy=-3216.924063502489  maxlinkdim=256 maxerr=6.02E-06 time=133.680
After sweep 4 energy=-3217.1192448953616  maxlinkdim=512 maxerr=3.15E-07 time=292.072
After sweep 5 energy=-3217.128553710773  maxlinkdim=512 maxerr=2.73E-08 time=342.261
After sweep 6 energy=-3217.1285560096017  maxlinkdim=512 maxerr=3.17E-08 time=329.748
After sweep 7 energy=-3217.1286949307228  maxlinkdim=731 maxerr=1.00E-09 time=376.557
After sweep 8 energy=-3217.128704347128  maxlinkdim=779 maxerr=1.00E-09 time=407.919
Energy difference less than 5.0e-5, stopping DMRG
